   1              		.syntax unified
   2              		.cpu cortex-m4
   3              		.fpu softvfp
   4              		.eabi_attribute 20, 1
   5              		.eabi_attribute 21, 1
   6              		.eabi_attribute 23, 3
   7              		.eabi_attribute 24, 1
   8              		.eabi_attribute 25, 1
   9              		.eabi_attribute 26, 1
  10              		.eabi_attribute 30, 6
  11              		.eabi_attribute 34, 1
  12              		.eabi_attribute 18, 4
  13              		.thumb
  14              		.file	"UiTask.c"
  15              		.text
  16              	.Ltext0:
  17              		.cfi_sections	.debug_frame
  18              		.section	.rodata
  19              		.align	2
  20              	.LC0:
  21 0000 0A205569 		.ascii	"\012 Ui: Hello World \012\000"
  21      3A204865 
  21      6C6C6F20 
  21      576F726C 
  21      64200A00 
  22              		.align	2
  23              	.LC1:
  24 0014 0A3E00   		.ascii	"\012>\000"
  25 0017 00       		.align	2
  26              	.LC2:
  27 0018 0A20456E 		.ascii	"\012 Enter a number of CAN Tasks to create [1-10]: "
  27      74657220 
  27      61206E75 
  27      6D626572 
  27      206F6620 
  28 0048 0A00     		.ascii	"\012\000"
  29 004a 0000     		.align	2
  30              	.LC3:
  31 004c 54727920 		.ascii	"Try Again. Enter a number from 1-10: \012\000"
  31      41676169 
  31      6E2E2045 
  31      6E746572 
  31      2061206E 
  32 0073 00       		.align	2
  33              	.LC4:
  34 0074 256400   		.ascii	"%d\000"
  35 0077 00       		.align	2
  36              	.LC5:
  37 0078 0A436F75 		.ascii	"\012Could not create Can_task\012\000"
  37      6C64206E 
  37      6F742063 
  37      72656174 
  37      65204361 
  38              		.align	2
  39              	.LC6:
  40 0094 0A437265 		.ascii	"\012Created task 0x%08x\000"
  40      61746564 
  40      20746173 
  40      6B203078 
  40      25303878 
  41 00a9 000000   		.align	2
  42              	.LC7:
  43 00ac 0A204465 		.ascii	"\012 Destroying task 0x%08x \012\000"
  43      7374726F 
  43      79696E67 
  43      20746173 
  43      6B203078 
  44 00c7 00       		.align	2
  45              	.LC8:
  46 00c8 0A41626F 		.ascii	"\012Aborting task 0x%08x \012\000"
  46      7274696E 
  46      67207461 
  46      736B2030 
  46      78253038 
  47              		.align	2
  48              	.LC9:
  49 00e0 0A526573 		.ascii	"\012Restarting task 0x%08x\000"
  49      74617274 
  49      696E6720 
  49      7461736B 
  49      20307825 
  50              		.align	2
  51              	.LC10:
  52 00f8 0A632D20 		.ascii	"\012c- create can tasks\000"
  52      63726561 
  52      74652063 
  52      616E2074 
  52      61736B73 
  53 010d 000000   		.align	2
  54              	.LC11:
  55 0110 0A612D20 		.ascii	"\012a- abort can tasks\000"
  55      61626F72 
  55      74206361 
  55      6E207461 
  55      736B7300 
  56              		.align	2
  57              	.LC12:
  58 0124 0A642D20 		.ascii	"\012d- destroy can tasks\000"
  58      64657374 
  58      726F7920 
  58      63616E20 
  58      7461736B 
  59 013a 0000     		.align	2
  60              	.LC13:
  61 013c 0A722D20 		.ascii	"\012r- restart can tasks\000"
  61      72657374 
  61      61727420 
  61      63616E20 
  61      7461736B 
  62 0152 0000     		.align	2
  63              	.LC14:
  64 0154 0A682D20 		.ascii	"\012h- help\000"
  64      68656C70 
  64      00
  65 015d 000000   		.align	2
  66              	.LC15:
  67 0160 496E7661 		.ascii	"Invalid selection!\012\000"
  67      6C696420 
  67      73656C65 
  67      6374696F 
  67      6E210A00 
  68              		.section	.text.Ui_task,"ax",%progbits
  69              		.align	2
  70              		.global	Ui_task
  71              		.thumb
  72              		.thumb_func
  74              	Ui_task:
  75              	.LFB0:
  76              		.file 1 "../Sources/UiTask.c"
   1:../Sources/UiTask.c **** /*
   2:../Sources/UiTask.c ****  * UiTask.c
   3:../Sources/UiTask.c ****  *
   4:../Sources/UiTask.c ****  *  Created on: Feb 6, 2014
   5:../Sources/UiTask.c ****  *      Author: Embedded Access Inc
   6:../Sources/UiTask.c ****  */
   7:../Sources/UiTask.c **** 
   8:../Sources/UiTask.c **** #include "main.h"
   9:../Sources/UiTask.c **** 
  10:../Sources/UiTask.c **** /*TASK*-----------------------------------------------------
  11:../Sources/UiTask.c **** * 
  12:../Sources/UiTask.c **** * Task Name    : Ui_task
  13:../Sources/UiTask.c **** * Comments     :
  14:../Sources/UiTask.c **** *    This is the User Interface task
  15:../Sources/UiTask.c **** *
  16:../Sources/UiTask.c **** *END*-----------------------------------------------------*/
  17:../Sources/UiTask.c **** 
  18:../Sources/UiTask.c **** void Ui_task(uint32_t initial_data)
  19:../Sources/UiTask.c **** {
  77              		.loc 1 19 0
  78              		.cfi_startproc
  79              		@ args = 0, pretend = 0, frame = 64
  80              		@ frame_needed = 1, uses_anonymous_args = 0
  81 0000 80B5     		push	{r7, lr}
  82              	.LCFI0:
  83              		.cfi_def_cfa_offset 8
  84              		.cfi_offset 7, -8
  85              		.cfi_offset 14, -4
  86 0002 90B0     		sub	sp, sp, #64
  87              	.LCFI1:
  88              		.cfi_def_cfa_offset 72
  89 0004 00AF     		add	r7, sp, #0
  90              	.LCFI2:
  91              		.cfi_def_cfa_register 7
  92 0006 7860     		str	r0, [r7, #4]
  20:../Sources/UiTask.c **** 	uint32_t numCanTasks, i;
  21:../Sources/UiTask.c **** 	char c;
  22:../Sources/UiTask.c **** 	_task_id ids[10] = {0};
  93              		.loc 1 22 0
  94 0008 07F10C03 		add	r3, r7, #12
  95 000c 4FF00002 		mov	r2, #0
  96 0010 1A60     		str	r2, [r3, #0]
  97 0012 03F10403 		add	r3, r3, #4
  98 0016 4FF00002 		mov	r2, #0
  99 001a 1A60     		str	r2, [r3, #0]
 100 001c 03F10403 		add	r3, r3, #4
 101 0020 4FF00002 		mov	r2, #0
 102 0024 1A60     		str	r2, [r3, #0]
 103 0026 03F10403 		add	r3, r3, #4
 104 002a 4FF00002 		mov	r2, #0
 105 002e 1A60     		str	r2, [r3, #0]
 106 0030 03F10403 		add	r3, r3, #4
 107 0034 4FF00002 		mov	r2, #0
 108 0038 1A60     		str	r2, [r3, #0]
 109 003a 03F10403 		add	r3, r3, #4
 110 003e 4FF00002 		mov	r2, #0
 111 0042 1A60     		str	r2, [r3, #0]
 112 0044 03F10403 		add	r3, r3, #4
 113 0048 4FF00002 		mov	r2, #0
 114 004c 1A60     		str	r2, [r3, #0]
 115 004e 03F10403 		add	r3, r3, #4
 116 0052 4FF00002 		mov	r2, #0
 117 0056 1A60     		str	r2, [r3, #0]
 118 0058 03F10403 		add	r3, r3, #4
 119 005c 4FF00002 		mov	r2, #0
 120 0060 1A60     		str	r2, [r3, #0]
 121 0062 03F10403 		add	r3, r3, #4
 122 0066 4FF00002 		mov	r2, #0
 123 006a 1A60     		str	r2, [r3, #0]
 124 006c 03F10403 		add	r3, r3, #4
  23:../Sources/UiTask.c **** 	
  24:../Sources/UiTask.c **** 	printf("\n Ui: Hello World \n"); 
 125              		.loc 1 24 0
 126 0070 40F20000 		movw	r0, #:lower16:.LC0
 127 0074 C0F20000 		movt	r0, #:upper16:.LC0
 128 0078 FFF7FEFF 		bl	_io_printf
 129              	.L26:
  25:../Sources/UiTask.c **** 	
  26:../Sources/UiTask.c **** 	while(1){	
  27:../Sources/UiTask.c **** 		
  28:../Sources/UiTask.c **** 		printf("\n>");
 130              		.loc 1 28 0
 131 007c 40F20000 		movw	r0, #:lower16:.LC1
 132 0080 C0F20000 		movt	r0, #:upper16:.LC1
 133 0084 FFF7FEFF 		bl	_io_printf
  29:../Sources/UiTask.c **** 		c = fgetc(stdin);
 134              		.loc 1 29 0
 135 0088 4FF00000 		mov	r0, #0
 136 008c FFF7FEFF 		bl	_io_get_handle
 137 0090 0346     		mov	r3, r0
 138 0092 1846     		mov	r0, r3
 139 0094 FFF7FEFF 		bl	_io_fgetc
 140 0098 0346     		mov	r3, r0
 141 009a 87F83F30 		strb	r3, [r7, #63]
  30:../Sources/UiTask.c **** 		
  31:../Sources/UiTask.c **** 		switch(c){
 142              		.loc 1 31 0
 143 009e 97F83F30 		ldrb	r3, [r7, #63]	@ zero_extendqisi2
 144 00a2 A3F16103 		sub	r3, r3, #97
 145 00a6 112B     		cmp	r3, #17
 146 00a8 00F23C81 		bhi	.L2
 147 00ac 01A2     		adr	r2, .L8
 148 00ae 52F823F0 		ldr	pc, [r2, r3, lsl #2]
 149 00b2 00BF     		.align	2
 150              	.L8:
 151 00b4 09020000 		.word	.L3+1
 152 00b8 25030000 		.word	.L2+1
 153 00bc FD000000 		.word	.L4+1
 154 00c0 95010000 		.word	.L5+1
 155 00c4 25030000 		.word	.L2+1
 156 00c8 25030000 		.word	.L2+1
 157 00cc 25030000 		.word	.L2+1
 158 00d0 E7020000 		.word	.L6+1
 159 00d4 25030000 		.word	.L2+1
 160 00d8 25030000 		.word	.L2+1
 161 00dc 25030000 		.word	.L2+1
 162 00e0 25030000 		.word	.L2+1
 163 00e4 25030000 		.word	.L2+1
 164 00e8 25030000 		.word	.L2+1
 165 00ec 25030000 		.word	.L2+1
 166 00f0 25030000 		.word	.L2+1
 167 00f4 25030000 		.word	.L2+1
 168 00f8 7D020000 		.word	.L7+1
 169              	.L4:
  32:../Sources/UiTask.c **** 			
  33:../Sources/UiTask.c **** 		case 'c':
  34:../Sources/UiTask.c **** 			printf("\n Enter a number of CAN Tasks to create [1-10]: \n"); 
 170              		.loc 1 34 0
 171 00fc 40F20000 		movw	r0, #:lower16:.LC2
 172 0100 C0F20000 		movt	r0, #:upper16:.LC2
 173 0104 FFF7FEFF 		bl	_io_printf
  35:../Sources/UiTask.c **** 			
  36:../Sources/UiTask.c **** 			while(!(scanf("%d", &numCanTasks))){
 174              		.loc 1 36 0
 175 0108 05E0     		b	.L9
 176              	.L10:
  37:../Sources/UiTask.c **** 				printf("Try Again. Enter a number from 1-10: \n");
 177              		.loc 1 37 0
 178 010a 40F20000 		movw	r0, #:lower16:.LC3
 179 010e C0F20000 		movt	r0, #:upper16:.LC3
 180 0112 FFF7FEFF 		bl	_io_printf
 181              	.L9:
  36:../Sources/UiTask.c **** 			while(!(scanf("%d", &numCanTasks))){
 182              		.loc 1 36 0
 183 0116 07F13803 		add	r3, r7, #56
 184 011a 40F20000 		movw	r0, #:lower16:.LC4
 185 011e C0F20000 		movt	r0, #:upper16:.LC4
 186 0122 1946     		mov	r1, r3
 187 0124 FFF7FEFF 		bl	_io_scanf
 188 0128 0346     		mov	r3, r0
 189 012a 002B     		cmp	r3, #0
 190 012c EDD0     		beq	.L10
  38:../Sources/UiTask.c **** 			}
  39:../Sources/UiTask.c **** 			if(numCanTasks > 10)
 191              		.loc 1 39 0
 192 012e BB6B     		ldr	r3, [r7, #56]
 193 0130 0A2B     		cmp	r3, #10
 194 0132 02D9     		bls	.L11
  40:../Sources/UiTask.c **** 				numCanTasks = 10;
 195              		.loc 1 40 0
 196 0134 4FF00A03 		mov	r3, #10
 197 0138 BB63     		str	r3, [r7, #56]
 198              	.L11:
  41:../Sources/UiTask.c **** 			
  42:../Sources/UiTask.c **** 			for(i=0; i<numCanTasks; i++){
 199              		.loc 1 42 0
 200 013a 4FF00003 		mov	r3, #0
 201 013e 7B63     		str	r3, [r7, #52]
 202 0140 23E0     		b	.L12
 203              	.L15:
  43:../Sources/UiTask.c **** 				
  44:../Sources/UiTask.c **** 				//ids[i] = _task_create(0, CAN_TASK, i);
  45:../Sources/UiTask.c **** 				if (ids[i] == MQX_NULL_TASK_ID)
 204              		.loc 1 45 0
 205 0142 7B6B     		ldr	r3, [r7, #52]
 206 0144 4FEA8303 		lsl	r3, r3, #2
 207 0148 07F14002 		add	r2, r7, #64
 208 014c D318     		adds	r3, r2, r3
 209 014e 53F8343C 		ldr	r3, [r3, #-52]
 210 0152 002B     		cmp	r3, #0
 211 0154 06D1     		bne	.L13
  46:../Sources/UiTask.c **** 				      printf ("\nCould not create Can_task\n");
 212              		.loc 1 46 0
 213 0156 40F20000 		movw	r0, #:lower16:.LC5
 214 015a C0F20000 		movt	r0, #:upper16:.LC5
 215 015e FFF7FEFF 		bl	_io_printf
 216 0162 0EE0     		b	.L14
 217              	.L13:
  47:../Sources/UiTask.c **** 				else
  48:../Sources/UiTask.c **** 					printf("\nCreated task 0x%08x", ids[i]);
 218              		.loc 1 48 0
 219 0164 7B6B     		ldr	r3, [r7, #52]
 220 0166 4FEA8303 		lsl	r3, r3, #2
 221 016a 07F14002 		add	r2, r7, #64
 222 016e D318     		adds	r3, r2, r3
 223 0170 53F8343C 		ldr	r3, [r3, #-52]
 224 0174 40F20000 		movw	r0, #:lower16:.LC6
 225 0178 C0F20000 		movt	r0, #:upper16:.LC6
 226 017c 1946     		mov	r1, r3
 227 017e FFF7FEFF 		bl	_io_printf
 228              	.L14:
  42:../Sources/UiTask.c **** 			for(i=0; i<numCanTasks; i++){
 229              		.loc 1 42 0
 230 0182 7B6B     		ldr	r3, [r7, #52]
 231 0184 03F10103 		add	r3, r3, #1
 232 0188 7B63     		str	r3, [r7, #52]
 233              	.L12:
  42:../Sources/UiTask.c **** 			for(i=0; i<numCanTasks; i++){
 234              		.loc 1 42 0 is_stmt 0
 235 018a 7A6B     		ldr	r2, [r7, #52]
 236 018c BB6B     		ldr	r3, [r7, #56]
 237 018e 9A42     		cmp	r2, r3
 238 0190 D7D3     		bcc	.L15
  49:../Sources/UiTask.c **** 			}
  50:../Sources/UiTask.c **** 			break;
 239              		.loc 1 50 0 is_stmt 1
 240 0192 CEE0     		b	.L16
 241              	.L5:
  51:../Sources/UiTask.c **** 			
  52:../Sources/UiTask.c **** 		case 'd':		
  53:../Sources/UiTask.c **** 			
  54:../Sources/UiTask.c **** 			for(i=0; i<10; i++){ //for(all tasks)
 242              		.loc 1 54 0
 243 0194 4FF00003 		mov	r3, #0
 244 0198 7B63     		str	r3, [r7, #52]
 245 019a 31E0     		b	.L17
 246              	.L19:
  55:../Sources/UiTask.c **** 				
  56:../Sources/UiTask.c **** 				if(ids[i]){
 247              		.loc 1 56 0
 248 019c 7B6B     		ldr	r3, [r7, #52]
 249 019e 4FEA8303 		lsl	r3, r3, #2
 250 01a2 07F14002 		add	r2, r7, #64
 251 01a6 D318     		adds	r3, r2, r3
 252 01a8 53F8343C 		ldr	r3, [r3, #-52]
 253 01ac 002B     		cmp	r3, #0
 254 01ae 23D0     		beq	.L18
  57:../Sources/UiTask.c **** 					
  58:../Sources/UiTask.c **** 					printf ("\n Destroying task 0x%08x \n", ids[i]);
 255              		.loc 1 58 0
 256 01b0 7B6B     		ldr	r3, [r7, #52]
 257 01b2 4FEA8303 		lsl	r3, r3, #2
 258 01b6 07F14002 		add	r2, r7, #64
 259 01ba D318     		adds	r3, r2, r3
 260 01bc 53F8343C 		ldr	r3, [r3, #-52]
 261 01c0 40F20000 		movw	r0, #:lower16:.LC7
 262 01c4 C0F20000 		movt	r0, #:upper16:.LC7
 263 01c8 1946     		mov	r1, r3
 264 01ca FFF7FEFF 		bl	_io_printf
  59:../Sources/UiTask.c **** 					_task_destroy(ids[i]);
 265              		.loc 1 59 0
 266 01ce 7B6B     		ldr	r3, [r7, #52]
 267 01d0 4FEA8303 		lsl	r3, r3, #2
 268 01d4 07F14002 		add	r2, r7, #64
 269 01d8 D318     		adds	r3, r2, r3
 270 01da 53F8343C 		ldr	r3, [r3, #-52]
 271 01de 1846     		mov	r0, r3
 272 01e0 FFF7FEFF 		bl	_task_destroy
  60:../Sources/UiTask.c **** 					ids[i] = 0;
 273              		.loc 1 60 0
 274 01e4 7B6B     		ldr	r3, [r7, #52]
 275 01e6 4FEA8303 		lsl	r3, r3, #2
 276 01ea 07F14002 		add	r2, r7, #64
 277 01ee D318     		adds	r3, r2, r3
 278 01f0 4FF00002 		mov	r2, #0
 279 01f4 43F8342C 		str	r2, [r3, #-52]
 280              	.L18:
  54:../Sources/UiTask.c **** 			for(i=0; i<10; i++){ //for(all tasks)
 281              		.loc 1 54 0
 282 01f8 7B6B     		ldr	r3, [r7, #52]
 283 01fa 03F10103 		add	r3, r3, #1
 284 01fe 7B63     		str	r3, [r7, #52]
 285              	.L17:
  54:../Sources/UiTask.c **** 			for(i=0; i<10; i++){ //for(all tasks)
 286              		.loc 1 54 0 is_stmt 0
 287 0200 7B6B     		ldr	r3, [r7, #52]
 288 0202 092B     		cmp	r3, #9
 289 0204 CAD9     		bls	.L19
  61:../Sources/UiTask.c **** 				}
  62:../Sources/UiTask.c **** 			}
  63:../Sources/UiTask.c **** 			break;	
 290              		.loc 1 63 0 is_stmt 1
 291 0206 94E0     		b	.L16
 292              	.L3:
  64:../Sources/UiTask.c **** 			
  65:../Sources/UiTask.c **** 		case 'a':
  66:../Sources/UiTask.c **** 				for (i=0; i<10; i++) {
 293              		.loc 1 66 0
 294 0208 4FF00003 		mov	r3, #0
 295 020c 7B63     		str	r3, [r7, #52]
 296 020e 31E0     		b	.L20
 297              	.L22:
  67:../Sources/UiTask.c **** 					if (ids[i]) {
 298              		.loc 1 67 0
 299 0210 7B6B     		ldr	r3, [r7, #52]
 300 0212 4FEA8303 		lsl	r3, r3, #2
 301 0216 07F14002 		add	r2, r7, #64
 302 021a D318     		adds	r3, r2, r3
 303 021c 53F8343C 		ldr	r3, [r3, #-52]
 304 0220 002B     		cmp	r3, #0
 305 0222 23D0     		beq	.L21
  68:../Sources/UiTask.c **** 						printf("\nAborting task 0x%08x \n", ids[i]);
 306              		.loc 1 68 0
 307 0224 7B6B     		ldr	r3, [r7, #52]
 308 0226 4FEA8303 		lsl	r3, r3, #2
 309 022a 07F14002 		add	r2, r7, #64
 310 022e D318     		adds	r3, r2, r3
 311 0230 53F8343C 		ldr	r3, [r3, #-52]
 312 0234 40F20000 		movw	r0, #:lower16:.LC8
 313 0238 C0F20000 		movt	r0, #:upper16:.LC8
 314 023c 1946     		mov	r1, r3
 315 023e FFF7FEFF 		bl	_io_printf
  69:../Sources/UiTask.c **** 						_task_abort(ids[i]);
 316              		.loc 1 69 0
 317 0242 7B6B     		ldr	r3, [r7, #52]
 318 0244 4FEA8303 		lsl	r3, r3, #2
 319 0248 07F14002 		add	r2, r7, #64
 320 024c D318     		adds	r3, r2, r3
 321 024e 53F8343C 		ldr	r3, [r3, #-52]
 322 0252 1846     		mov	r0, r3
 323 0254 FFF7FEFF 		bl	_task_abort
  70:../Sources/UiTask.c **** 						ids[i] =0;
 324              		.loc 1 70 0
 325 0258 7B6B     		ldr	r3, [r7, #52]
 326 025a 4FEA8303 		lsl	r3, r3, #2
 327 025e 07F14002 		add	r2, r7, #64
 328 0262 D318     		adds	r3, r2, r3
 329 0264 4FF00002 		mov	r2, #0
 330 0268 43F8342C 		str	r2, [r3, #-52]
 331              	.L21:
  66:../Sources/UiTask.c **** 				for (i=0; i<10; i++) {
 332              		.loc 1 66 0
 333 026c 7B6B     		ldr	r3, [r7, #52]
 334 026e 03F10103 		add	r3, r3, #1
 335 0272 7B63     		str	r3, [r7, #52]
 336              	.L20:
  66:../Sources/UiTask.c **** 				for (i=0; i<10; i++) {
 337              		.loc 1 66 0 is_stmt 0
 338 0274 7B6B     		ldr	r3, [r7, #52]
 339 0276 092B     		cmp	r3, #9
 340 0278 CAD9     		bls	.L22
  71:../Sources/UiTask.c **** 					}
  72:../Sources/UiTask.c **** 				}
  73:../Sources/UiTask.c **** 				break;
 341              		.loc 1 73 0 is_stmt 1
 342 027a 5AE0     		b	.L16
 343              	.L7:
  74:../Sources/UiTask.c **** 				
  75:../Sources/UiTask.c **** 		case 'r':
  76:../Sources/UiTask.c **** 				for (i=0; i<10; i++) {
 344              		.loc 1 76 0
 345 027c 4FF00003 		mov	r3, #0
 346 0280 7B63     		str	r3, [r7, #52]
 347 0282 2CE0     		b	.L23
 348              	.L25:
  77:../Sources/UiTask.c **** 					if (ids[i]) {
 349              		.loc 1 77 0
 350 0284 7B6B     		ldr	r3, [r7, #52]
 351 0286 4FEA8303 		lsl	r3, r3, #2
 352 028a 07F14002 		add	r2, r7, #64
 353 028e D318     		adds	r3, r2, r3
 354 0290 53F8343C 		ldr	r3, [r3, #-52]
 355 0294 002B     		cmp	r3, #0
 356 0296 1ED0     		beq	.L24
  78:../Sources/UiTask.c **** 						printf("\nRestarting task 0x%08x", ids[i]);
 357              		.loc 1 78 0
 358 0298 7B6B     		ldr	r3, [r7, #52]
 359 029a 4FEA8303 		lsl	r3, r3, #2
 360 029e 07F14002 		add	r2, r7, #64
 361 02a2 D318     		adds	r3, r2, r3
 362 02a4 53F8343C 		ldr	r3, [r3, #-52]
 363 02a8 40F20000 		movw	r0, #:lower16:.LC9
 364 02ac C0F20000 		movt	r0, #:upper16:.LC9
 365 02b0 1946     		mov	r1, r3
 366 02b2 FFF7FEFF 		bl	_io_printf
  79:../Sources/UiTask.c **** 						_task_restart(ids[i],&i, FALSE);
 367              		.loc 1 79 0
 368 02b6 7B6B     		ldr	r3, [r7, #52]
 369 02b8 4FEA8303 		lsl	r3, r3, #2
 370 02bc 07F14002 		add	r2, r7, #64
 371 02c0 D318     		adds	r3, r2, r3
 372 02c2 53F8342C 		ldr	r2, [r3, #-52]
 373 02c6 07F13403 		add	r3, r7, #52
 374 02ca 1046     		mov	r0, r2
 375 02cc 1946     		mov	r1, r3
 376 02ce 4FF00002 		mov	r2, #0
 377 02d2 FFF7FEFF 		bl	_task_restart
 378              	.L24:
  76:../Sources/UiTask.c **** 				for (i=0; i<10; i++) {
 379              		.loc 1 76 0
 380 02d6 7B6B     		ldr	r3, [r7, #52]
 381 02d8 03F10103 		add	r3, r3, #1
 382 02dc 7B63     		str	r3, [r7, #52]
 383              	.L23:
  76:../Sources/UiTask.c **** 				for (i=0; i<10; i++) {
 384              		.loc 1 76 0 is_stmt 0
 385 02de 7B6B     		ldr	r3, [r7, #52]
 386 02e0 092B     		cmp	r3, #9
 387 02e2 CFD9     		bls	.L25
  80:../Sources/UiTask.c **** 					}
  81:../Sources/UiTask.c **** 				}
  82:../Sources/UiTask.c **** 				break;		
 388              		.loc 1 82 0 is_stmt 1
 389 02e4 25E0     		b	.L16
 390              	.L6:
  83:../Sources/UiTask.c **** 			
  84:../Sources/UiTask.c **** 			
  85:../Sources/UiTask.c **** 		case 'h':
  86:../Sources/UiTask.c **** 			printf("\nc- create can tasks");
 391              		.loc 1 86 0
 392 02e6 40F20000 		movw	r0, #:lower16:.LC10
 393 02ea C0F20000 		movt	r0, #:upper16:.LC10
 394 02ee FFF7FEFF 		bl	_io_printf
  87:../Sources/UiTask.c **** 			printf("\na- abort can tasks");
 395              		.loc 1 87 0
 396 02f2 40F20000 		movw	r0, #:lower16:.LC11
 397 02f6 C0F20000 		movt	r0, #:upper16:.LC11
 398 02fa FFF7FEFF 		bl	_io_printf
  88:../Sources/UiTask.c **** 			printf("\nd- destroy can tasks");
 399              		.loc 1 88 0
 400 02fe 40F20000 		movw	r0, #:lower16:.LC12
 401 0302 C0F20000 		movt	r0, #:upper16:.LC12
 402 0306 FFF7FEFF 		bl	_io_printf
  89:../Sources/UiTask.c **** 			printf("\nr- restart can tasks");
 403              		.loc 1 89 0
 404 030a 40F20000 		movw	r0, #:lower16:.LC13
 405 030e C0F20000 		movt	r0, #:upper16:.LC13
 406 0312 FFF7FEFF 		bl	_io_printf
  90:../Sources/UiTask.c **** 			printf("\nh- help");
 407              		.loc 1 90 0
 408 0316 40F20000 		movw	r0, #:lower16:.LC14
 409 031a C0F20000 		movt	r0, #:upper16:.LC14
 410 031e FFF7FEFF 		bl	_io_printf
  91:../Sources/UiTask.c **** 			break;			
 411              		.loc 1 91 0
 412 0322 06E0     		b	.L16
 413              	.L2:
  92:../Sources/UiTask.c **** 		
  93:../Sources/UiTask.c **** 		default:
  94:../Sources/UiTask.c **** 				printf("Invalid selection!\n");
 414              		.loc 1 94 0
 415 0324 40F20000 		movw	r0, #:lower16:.LC15
 416 0328 C0F20000 		movt	r0, #:upper16:.LC15
 417 032c FFF7FEFF 		bl	_io_printf
  95:../Sources/UiTask.c **** 				break;
 418              		.loc 1 95 0
 419 0330 00BF     		nop
 420              	.L16:
  96:../Sources/UiTask.c **** 		}
  97:../Sources/UiTask.c **** 		
  98:../Sources/UiTask.c **** 	}
 421              		.loc 1 98 0
 422 0332 A3E6     		b	.L26
 423              		.cfi_endproc
 424              	.LFE0:
 426              		.text
 427              	.Letext0:
 428              		.file 2 "C:/Freescale/CW MCU v10.6/MCU/ARM_GCC_Support/ewl/EWL_C/include/cstdint"
 429              		.file 3 "C:/Freescale/Freescale_MQX_4_1/lib/twrk60n512.cw10gcc/debug/psp/psptypes.h"
 430              		.file 4 "C:/Freescale/Freescale_MQX_4_1/lib/twrk60n512.cw10gcc/debug/bsp/mqx.h"
 431              		.file 5 "C:/Freescale/Freescale_MQX_4_1/lib/twrk60n512.cw10gcc/debug/psp/queue.h"
 432              		.file 6 "C:/Freescale/Freescale_MQX_4_1/lib/twrk60n512.cw10gcc/debug/psp/fio.h"
 433              		.file 7 "C:/Freescale/Freescale_MQX_4_1/lib/twrk60n512.cw10gcc/debug/psp/io.h"
DEFINED SYMBOLS
                            *ABS*:00000000 UiTask.c
C:\Users\Angus\AppData\Local\Temp\ccv8B6xU.s:19     .rodata:00000000 $d
C:\Users\Angus\AppData\Local\Temp\ccv8B6xU.s:20     .rodata:00000000 .LC0
C:\Users\Angus\AppData\Local\Temp\ccv8B6xU.s:23     .rodata:00000014 .LC1
C:\Users\Angus\AppData\Local\Temp\ccv8B6xU.s:26     .rodata:00000018 .LC2
C:\Users\Angus\AppData\Local\Temp\ccv8B6xU.s:30     .rodata:0000004c .LC3
C:\Users\Angus\AppData\Local\Temp\ccv8B6xU.s:33     .rodata:00000074 .LC4
C:\Users\Angus\AppData\Local\Temp\ccv8B6xU.s:36     .rodata:00000078 .LC5
C:\Users\Angus\AppData\Local\Temp\ccv8B6xU.s:39     .rodata:00000094 .LC6
C:\Users\Angus\AppData\Local\Temp\ccv8B6xU.s:42     .rodata:000000ac .LC7
C:\Users\Angus\AppData\Local\Temp\ccv8B6xU.s:45     .rodata:000000c8 .LC8
C:\Users\Angus\AppData\Local\Temp\ccv8B6xU.s:48     .rodata:000000e0 .LC9
C:\Users\Angus\AppData\Local\Temp\ccv8B6xU.s:51     .rodata:000000f8 .LC10
C:\Users\Angus\AppData\Local\Temp\ccv8B6xU.s:54     .rodata:00000110 .LC11
C:\Users\Angus\AppData\Local\Temp\ccv8B6xU.s:57     .rodata:00000124 .LC12
C:\Users\Angus\AppData\Local\Temp\ccv8B6xU.s:60     .rodata:0000013c .LC13
C:\Users\Angus\AppData\Local\Temp\ccv8B6xU.s:63     .rodata:00000154 .LC14
C:\Users\Angus\AppData\Local\Temp\ccv8B6xU.s:66     .rodata:00000160 .LC15
C:\Users\Angus\AppData\Local\Temp\ccv8B6xU.s:69     .text.Ui_task:00000000 $t
C:\Users\Angus\AppData\Local\Temp\ccv8B6xU.s:74     .text.Ui_task:00000000 Ui_task
C:\Users\Angus\AppData\Local\Temp\ccv8B6xU.s:151    .text.Ui_task:000000b4 $d
C:\Users\Angus\AppData\Local\Temp\ccv8B6xU.s:171    .text.Ui_task:000000fc $t
                     .debug_frame:00000010 $d

UNDEFINED SYMBOLS
_io_printf
_io_get_handle
_io_fgetc
_io_scanf
_task_destroy
_task_abort
_task_restart
