   1              		.syntax unified
   2              		.cpu cortex-m4
   3              		.fpu softvfp
   4              		.eabi_attribute 20, 1
   5              		.eabi_attribute 21, 1
   6              		.eabi_attribute 23, 3
   7              		.eabi_attribute 24, 1
   8              		.eabi_attribute 25, 1
   9              		.eabi_attribute 26, 1
  10              		.eabi_attribute 30, 6
  11              		.eabi_attribute 34, 1
  12              		.eabi_attribute 18, 4
  13              		.thumb
  14              		.file	"UiTask.c"
  15              		.text
  16              	.Ltext0:
  17              		.cfi_sections	.debug_frame
  18              		.section	.rodata
  19              		.align	2
  20              	.LC0:
  21 0000 0A205569 		.ascii	"\012 Ui: Hello World \012\000"
  21      3A204865 
  21      6C6C6F20 
  21      576F726C 
  21      64200A00 
  22              		.align	2
  23              	.LC1:
  24 0014 0A3E00   		.ascii	"\012>\000"
  25 0017 00       		.align	2
  26              	.LC2:
  27 0018 0A20456E 		.ascii	"\012 Enter a number of CAN Tasks to create [1-10]: "
  27      74657220 
  27      61206E75 
  27      6D626572 
  27      206F6620 
  28 0048 0A00     		.ascii	"\012\000"
  29 004a 0000     		.align	2
  30              	.LC3:
  31 004c 54727920 		.ascii	"Try Again. Enter a number from 1-10: \012\000"
  31      41676169 
  31      6E2E2045 
  31      6E746572 
  31      2061206E 
  32 0073 00       		.align	2
  33              	.LC4:
  34 0074 256400   		.ascii	"%d\000"
  35 0077 00       		.align	2
  36              	.LC5:
  37 0078 0A436F75 		.ascii	"\012Could not create Can_task\012\000"
  37      6C64206E 
  37      6F742063 
  37      72656174 
  37      65204361 
  38              		.align	2
  39              	.LC6:
  40 0094 0A437265 		.ascii	"\012Created task 0x%08x\000"
  40      61746564 
  40      20746173 
  40      6B203078 
  40      25303878 
  41 00a9 000000   		.align	2
  42              	.LC7:
  43 00ac 0A204465 		.ascii	"\012 Destroying task 0x%08x \012\000"
  43      7374726F 
  43      79696E67 
  43      20746173 
  43      6B203078 
  44 00c7 00       		.align	2
  45              	.LC8:
  46 00c8 0A41626F 		.ascii	"\012Aborting task 0x%08x \012\000"
  46      7274696E 
  46      67207461 
  46      736B2030 
  46      78253038 
  47              		.align	2
  48              	.LC9:
  49 00e0 0A526573 		.ascii	"\012Restarting task 0x%08x\000"
  49      74617274 
  49      696E6720 
  49      7461736B 
  49      20307825 
  50              		.align	2
  51              	.LC10:
  52 00f8 0A632D20 		.ascii	"\012c- create can tasks\000"
  52      63726561 
  52      74652063 
  52      616E2074 
  52      61736B73 
  53 010d 000000   		.align	2
  54              	.LC11:
  55 0110 0A612D20 		.ascii	"\012a- abort can tasks\000"
  55      61626F72 
  55      74206361 
  55      6E207461 
  55      736B7300 
  56              		.align	2
  57              	.LC12:
  58 0124 0A642D20 		.ascii	"\012d- destroy can tasks\000"
  58      64657374 
  58      726F7920 
  58      63616E20 
  58      7461736B 
  59 013a 0000     		.align	2
  60              	.LC13:
  61 013c 0A722D20 		.ascii	"\012r- restart can tasks\000"
  61      72657374 
  61      61727420 
  61      63616E20 
  61      7461736B 
  62 0152 0000     		.align	2
  63              	.LC14:
  64 0154 0A682D20 		.ascii	"\012h- help\000"
  64      68656C70 
  64      00
  65 015d 000000   		.align	2
  66              	.LC15:
  67 0160 496E7661 		.ascii	"Invalid selection!\012\000"
  67      6C696420 
  67      73656C65 
  67      6374696F 
  67      6E210A00 
  68              		.section	.text.Ui_task,"ax",%progbits
  69              		.align	2
  70              		.global	Ui_task
  71              		.thumb
  72              		.thumb_func
  74              	Ui_task:
  75              	.LFB0:
  76              		.file 1 "../Sources/UiTask.c"
   1:../Sources/UiTask.c **** /*
   2:../Sources/UiTask.c ****  * UiTask.c
   3:../Sources/UiTask.c ****  *
   4:../Sources/UiTask.c ****  *  Created on: Feb 6, 2014
   5:../Sources/UiTask.c ****  *      Author: Embedded Access Inc
   6:../Sources/UiTask.c ****  */
   7:../Sources/UiTask.c **** 
   8:../Sources/UiTask.c **** #include "main.h"
   9:../Sources/UiTask.c **** 
  10:../Sources/UiTask.c **** /*TASK*-----------------------------------------------------
  11:../Sources/UiTask.c **** * 
  12:../Sources/UiTask.c **** * Task Name    : Ui_task
  13:../Sources/UiTask.c **** * Comments     :
  14:../Sources/UiTask.c **** *    This is the User Interface task
  15:../Sources/UiTask.c **** *
  16:../Sources/UiTask.c **** *END*-----------------------------------------------------*/
  17:../Sources/UiTask.c **** 
  18:../Sources/UiTask.c **** void Ui_task(uint32_t initial_data)
  19:../Sources/UiTask.c **** {
  77              		.loc 1 19 0
  78              		.cfi_startproc
  79              		@ args = 0, pretend = 0, frame = 64
  80              		@ frame_needed = 1, uses_anonymous_args = 0
  81 0000 80B5     		push	{r7, lr}
  82              	.LCFI0:
  83              		.cfi_def_cfa_offset 8
  84              		.cfi_offset 7, -8
  85              		.cfi_offset 14, -4
  86 0002 90B0     		sub	sp, sp, #64
  87              	.LCFI1:
  88              		.cfi_def_cfa_offset 72
  89 0004 00AF     		add	r7, sp, #0
  90              	.LCFI2:
  91              		.cfi_def_cfa_register 7
  92 0006 7860     		str	r0, [r7, #4]
  20:../Sources/UiTask.c **** 	uint32_t numCanTasks, i;
  21:../Sources/UiTask.c **** 	char c;
  22:../Sources/UiTask.c **** 	_task_id ids[10] = {0};
  93              		.loc 1 22 0
  94 0008 07F10C03 		add	r3, r7, #12
  95 000c 4FF00002 		mov	r2, #0
  96 0010 1A60     		str	r2, [r3, #0]
  97 0012 03F10403 		add	r3, r3, #4
  98 0016 4FF00002 		mov	r2, #0
  99 001a 1A60     		str	r2, [r3, #0]
 100 001c 03F10403 		add	r3, r3, #4
 101 0020 4FF00002 		mov	r2, #0
 102 0024 1A60     		str	r2, [r3, #0]
 103 0026 03F10403 		add	r3, r3, #4
 104 002a 4FF00002 		mov	r2, #0
 105 002e 1A60     		str	r2, [r3, #0]
 106 0030 03F10403 		add	r3, r3, #4
 107 0034 4FF00002 		mov	r2, #0
 108 0038 1A60     		str	r2, [r3, #0]
 109 003a 03F10403 		add	r3, r3, #4
 110 003e 4FF00002 		mov	r2, #0
 111 0042 1A60     		str	r2, [r3, #0]
 112 0044 03F10403 		add	r3, r3, #4
 113 0048 4FF00002 		mov	r2, #0
 114 004c 1A60     		str	r2, [r3, #0]
 115 004e 03F10403 		add	r3, r3, #4
 116 0052 4FF00002 		mov	r2, #0
 117 0056 1A60     		str	r2, [r3, #0]
 118 0058 03F10403 		add	r3, r3, #4
 119 005c 4FF00002 		mov	r2, #0
 120 0060 1A60     		str	r2, [r3, #0]
 121 0062 03F10403 		add	r3, r3, #4
 122 0066 4FF00002 		mov	r2, #0
 123 006a 1A60     		str	r2, [r3, #0]
 124 006c 03F10403 		add	r3, r3, #4
  23:../Sources/UiTask.c **** 	
  24:../Sources/UiTask.c **** 	printf("\n Ui: Hello World \n"); 
 125              		.loc 1 24 0
 126 0070 40F20000 		movw	r0, #:lower16:.LC0
 127 0074 C0F20000 		movt	r0, #:upper16:.LC0
 128 0078 FFF7FEFF 		bl	_io_printf
 129              	.L26:
  25:../Sources/UiTask.c **** 	
  26:../Sources/UiTask.c **** 	while(1){	
  27:../Sources/UiTask.c **** 		
  28:../Sources/UiTask.c **** 		_task_block();
 130              		.loc 1 28 0
 131 007c FFF7FEFF 		bl	_task_block
  29:../Sources/UiTask.c **** 		
  30:../Sources/UiTask.c **** 		printf("\n>");
 132              		.loc 1 30 0
 133 0080 40F20000 		movw	r0, #:lower16:.LC1
 134 0084 C0F20000 		movt	r0, #:upper16:.LC1
 135 0088 FFF7FEFF 		bl	_io_printf
  31:../Sources/UiTask.c **** 		c = fgetc(stdin);
 136              		.loc 1 31 0
 137 008c 4FF00000 		mov	r0, #0
 138 0090 FFF7FEFF 		bl	_io_get_handle
 139 0094 0346     		mov	r3, r0
 140 0096 1846     		mov	r0, r3
 141 0098 FFF7FEFF 		bl	_io_fgetc
 142 009c 0346     		mov	r3, r0
 143 009e 87F83F30 		strb	r3, [r7, #63]
  32:../Sources/UiTask.c **** 		
  33:../Sources/UiTask.c **** 		switch(c){
 144              		.loc 1 33 0
 145 00a2 97F83F30 		ldrb	r3, [r7, #63]	@ zero_extendqisi2
 146 00a6 A3F16103 		sub	r3, r3, #97
 147 00aa 112B     		cmp	r3, #17
 148 00ac 00F23C81 		bhi	.L2
 149 00b0 01A2     		adr	r2, .L8
 150 00b2 52F823F0 		ldr	pc, [r2, r3, lsl #2]
 151 00b6 00BF     		.align	2
 152              	.L8:
 153 00b8 0D020000 		.word	.L3+1
 154 00bc 29030000 		.word	.L2+1
 155 00c0 01010000 		.word	.L4+1
 156 00c4 99010000 		.word	.L5+1
 157 00c8 29030000 		.word	.L2+1
 158 00cc 29030000 		.word	.L2+1
 159 00d0 29030000 		.word	.L2+1
 160 00d4 EB020000 		.word	.L6+1
 161 00d8 29030000 		.word	.L2+1
 162 00dc 29030000 		.word	.L2+1
 163 00e0 29030000 		.word	.L2+1
 164 00e4 29030000 		.word	.L2+1
 165 00e8 29030000 		.word	.L2+1
 166 00ec 29030000 		.word	.L2+1
 167 00f0 29030000 		.word	.L2+1
 168 00f4 29030000 		.word	.L2+1
 169 00f8 29030000 		.word	.L2+1
 170 00fc 81020000 		.word	.L7+1
 171              	.L4:
  34:../Sources/UiTask.c **** 			
  35:../Sources/UiTask.c **** 		case 'c':
  36:../Sources/UiTask.c **** 			printf("\n Enter a number of CAN Tasks to create [1-10]: \n"); 
 172              		.loc 1 36 0
 173 0100 40F20000 		movw	r0, #:lower16:.LC2
 174 0104 C0F20000 		movt	r0, #:upper16:.LC2
 175 0108 FFF7FEFF 		bl	_io_printf
  37:../Sources/UiTask.c **** 			
  38:../Sources/UiTask.c **** 			while(!(scanf("%d", &numCanTasks))){
 176              		.loc 1 38 0
 177 010c 05E0     		b	.L9
 178              	.L10:
  39:../Sources/UiTask.c **** 				printf("Try Again. Enter a number from 1-10: \n");
 179              		.loc 1 39 0
 180 010e 40F20000 		movw	r0, #:lower16:.LC3
 181 0112 C0F20000 		movt	r0, #:upper16:.LC3
 182 0116 FFF7FEFF 		bl	_io_printf
 183              	.L9:
  38:../Sources/UiTask.c **** 			while(!(scanf("%d", &numCanTasks))){
 184              		.loc 1 38 0
 185 011a 07F13803 		add	r3, r7, #56
 186 011e 40F20000 		movw	r0, #:lower16:.LC4
 187 0122 C0F20000 		movt	r0, #:upper16:.LC4
 188 0126 1946     		mov	r1, r3
 189 0128 FFF7FEFF 		bl	_io_scanf
 190 012c 0346     		mov	r3, r0
 191 012e 002B     		cmp	r3, #0
 192 0130 EDD0     		beq	.L10
  40:../Sources/UiTask.c **** 			}
  41:../Sources/UiTask.c **** 			if(numCanTasks > 10)
 193              		.loc 1 41 0
 194 0132 BB6B     		ldr	r3, [r7, #56]
 195 0134 0A2B     		cmp	r3, #10
 196 0136 02D9     		bls	.L11
  42:../Sources/UiTask.c **** 				numCanTasks = 10;
 197              		.loc 1 42 0
 198 0138 4FF00A03 		mov	r3, #10
 199 013c BB63     		str	r3, [r7, #56]
 200              	.L11:
  43:../Sources/UiTask.c **** 			
  44:../Sources/UiTask.c **** 			for(i=0; i<numCanTasks; i++){
 201              		.loc 1 44 0
 202 013e 4FF00003 		mov	r3, #0
 203 0142 7B63     		str	r3, [r7, #52]
 204 0144 23E0     		b	.L12
 205              	.L15:
  45:../Sources/UiTask.c **** 				
  46:../Sources/UiTask.c **** 				//ids[i] = _task_create(0, CAN_TASK, i);
  47:../Sources/UiTask.c **** 				if (ids[i] == MQX_NULL_TASK_ID)
 206              		.loc 1 47 0
 207 0146 7B6B     		ldr	r3, [r7, #52]
 208 0148 4FEA8303 		lsl	r3, r3, #2
 209 014c 07F14002 		add	r2, r7, #64
 210 0150 D318     		adds	r3, r2, r3
 211 0152 53F8343C 		ldr	r3, [r3, #-52]
 212 0156 002B     		cmp	r3, #0
 213 0158 06D1     		bne	.L13
  48:../Sources/UiTask.c **** 				      printf ("\nCould not create Can_task\n");
 214              		.loc 1 48 0
 215 015a 40F20000 		movw	r0, #:lower16:.LC5
 216 015e C0F20000 		movt	r0, #:upper16:.LC5
 217 0162 FFF7FEFF 		bl	_io_printf
 218 0166 0EE0     		b	.L14
 219              	.L13:
  49:../Sources/UiTask.c **** 				else
  50:../Sources/UiTask.c **** 					printf("\nCreated task 0x%08x", ids[i]);
 220              		.loc 1 50 0
 221 0168 7B6B     		ldr	r3, [r7, #52]
 222 016a 4FEA8303 		lsl	r3, r3, #2
 223 016e 07F14002 		add	r2, r7, #64
 224 0172 D318     		adds	r3, r2, r3
 225 0174 53F8343C 		ldr	r3, [r3, #-52]
 226 0178 40F20000 		movw	r0, #:lower16:.LC6
 227 017c C0F20000 		movt	r0, #:upper16:.LC6
 228 0180 1946     		mov	r1, r3
 229 0182 FFF7FEFF 		bl	_io_printf
 230              	.L14:
  44:../Sources/UiTask.c **** 			for(i=0; i<numCanTasks; i++){
 231              		.loc 1 44 0
 232 0186 7B6B     		ldr	r3, [r7, #52]
 233 0188 03F10103 		add	r3, r3, #1
 234 018c 7B63     		str	r3, [r7, #52]
 235              	.L12:
  44:../Sources/UiTask.c **** 			for(i=0; i<numCanTasks; i++){
 236              		.loc 1 44 0 is_stmt 0
 237 018e 7A6B     		ldr	r2, [r7, #52]
 238 0190 BB6B     		ldr	r3, [r7, #56]
 239 0192 9A42     		cmp	r2, r3
 240 0194 D7D3     		bcc	.L15
  51:../Sources/UiTask.c **** 			}
  52:../Sources/UiTask.c **** 			break;
 241              		.loc 1 52 0 is_stmt 1
 242 0196 CEE0     		b	.L16
 243              	.L5:
  53:../Sources/UiTask.c **** 			
  54:../Sources/UiTask.c **** 		case 'd':		
  55:../Sources/UiTask.c **** 			
  56:../Sources/UiTask.c **** 			for(i=0; i<10; i++){ //for(all tasks)
 244              		.loc 1 56 0
 245 0198 4FF00003 		mov	r3, #0
 246 019c 7B63     		str	r3, [r7, #52]
 247 019e 31E0     		b	.L17
 248              	.L19:
  57:../Sources/UiTask.c **** 				
  58:../Sources/UiTask.c **** 				if(ids[i]){
 249              		.loc 1 58 0
 250 01a0 7B6B     		ldr	r3, [r7, #52]
 251 01a2 4FEA8303 		lsl	r3, r3, #2
 252 01a6 07F14002 		add	r2, r7, #64
 253 01aa D318     		adds	r3, r2, r3
 254 01ac 53F8343C 		ldr	r3, [r3, #-52]
 255 01b0 002B     		cmp	r3, #0
 256 01b2 23D0     		beq	.L18
  59:../Sources/UiTask.c **** 					
  60:../Sources/UiTask.c **** 					printf ("\n Destroying task 0x%08x \n", ids[i]);
 257              		.loc 1 60 0
 258 01b4 7B6B     		ldr	r3, [r7, #52]
 259 01b6 4FEA8303 		lsl	r3, r3, #2
 260 01ba 07F14002 		add	r2, r7, #64
 261 01be D318     		adds	r3, r2, r3
 262 01c0 53F8343C 		ldr	r3, [r3, #-52]
 263 01c4 40F20000 		movw	r0, #:lower16:.LC7
 264 01c8 C0F20000 		movt	r0, #:upper16:.LC7
 265 01cc 1946     		mov	r1, r3
 266 01ce FFF7FEFF 		bl	_io_printf
  61:../Sources/UiTask.c **** 					_task_destroy(ids[i]);
 267              		.loc 1 61 0
 268 01d2 7B6B     		ldr	r3, [r7, #52]
 269 01d4 4FEA8303 		lsl	r3, r3, #2
 270 01d8 07F14002 		add	r2, r7, #64
 271 01dc D318     		adds	r3, r2, r3
 272 01de 53F8343C 		ldr	r3, [r3, #-52]
 273 01e2 1846     		mov	r0, r3
 274 01e4 FFF7FEFF 		bl	_task_destroy
  62:../Sources/UiTask.c **** 					ids[i] = 0;
 275              		.loc 1 62 0
 276 01e8 7B6B     		ldr	r3, [r7, #52]
 277 01ea 4FEA8303 		lsl	r3, r3, #2
 278 01ee 07F14002 		add	r2, r7, #64
 279 01f2 D318     		adds	r3, r2, r3
 280 01f4 4FF00002 		mov	r2, #0
 281 01f8 43F8342C 		str	r2, [r3, #-52]
 282              	.L18:
  56:../Sources/UiTask.c **** 			for(i=0; i<10; i++){ //for(all tasks)
 283              		.loc 1 56 0
 284 01fc 7B6B     		ldr	r3, [r7, #52]
 285 01fe 03F10103 		add	r3, r3, #1
 286 0202 7B63     		str	r3, [r7, #52]
 287              	.L17:
  56:../Sources/UiTask.c **** 			for(i=0; i<10; i++){ //for(all tasks)
 288              		.loc 1 56 0 is_stmt 0
 289 0204 7B6B     		ldr	r3, [r7, #52]
 290 0206 092B     		cmp	r3, #9
 291 0208 CAD9     		bls	.L19
  63:../Sources/UiTask.c **** 				}
  64:../Sources/UiTask.c **** 			}
  65:../Sources/UiTask.c **** 			break;	
 292              		.loc 1 65 0 is_stmt 1
 293 020a 94E0     		b	.L16
 294              	.L3:
  66:../Sources/UiTask.c **** 			
  67:../Sources/UiTask.c **** 		case 'a':
  68:../Sources/UiTask.c **** 				for (i=0; i<10; i++) {
 295              		.loc 1 68 0
 296 020c 4FF00003 		mov	r3, #0
 297 0210 7B63     		str	r3, [r7, #52]
 298 0212 31E0     		b	.L20
 299              	.L22:
  69:../Sources/UiTask.c **** 					if (ids[i]) {
 300              		.loc 1 69 0
 301 0214 7B6B     		ldr	r3, [r7, #52]
 302 0216 4FEA8303 		lsl	r3, r3, #2
 303 021a 07F14002 		add	r2, r7, #64
 304 021e D318     		adds	r3, r2, r3
 305 0220 53F8343C 		ldr	r3, [r3, #-52]
 306 0224 002B     		cmp	r3, #0
 307 0226 23D0     		beq	.L21
  70:../Sources/UiTask.c **** 						printf("\nAborting task 0x%08x \n", ids[i]);
 308              		.loc 1 70 0
 309 0228 7B6B     		ldr	r3, [r7, #52]
 310 022a 4FEA8303 		lsl	r3, r3, #2
 311 022e 07F14002 		add	r2, r7, #64
 312 0232 D318     		adds	r3, r2, r3
 313 0234 53F8343C 		ldr	r3, [r3, #-52]
 314 0238 40F20000 		movw	r0, #:lower16:.LC8
 315 023c C0F20000 		movt	r0, #:upper16:.LC8
 316 0240 1946     		mov	r1, r3
 317 0242 FFF7FEFF 		bl	_io_printf
  71:../Sources/UiTask.c **** 						_task_abort(ids[i]);
 318              		.loc 1 71 0
 319 0246 7B6B     		ldr	r3, [r7, #52]
 320 0248 4FEA8303 		lsl	r3, r3, #2
 321 024c 07F14002 		add	r2, r7, #64
 322 0250 D318     		adds	r3, r2, r3
 323 0252 53F8343C 		ldr	r3, [r3, #-52]
 324 0256 1846     		mov	r0, r3
 325 0258 FFF7FEFF 		bl	_task_abort
  72:../Sources/UiTask.c **** 						ids[i] =0;
 326              		.loc 1 72 0
 327 025c 7B6B     		ldr	r3, [r7, #52]
 328 025e 4FEA8303 		lsl	r3, r3, #2
 329 0262 07F14002 		add	r2, r7, #64
 330 0266 D318     		adds	r3, r2, r3
 331 0268 4FF00002 		mov	r2, #0
 332 026c 43F8342C 		str	r2, [r3, #-52]
 333              	.L21:
  68:../Sources/UiTask.c **** 				for (i=0; i<10; i++) {
 334              		.loc 1 68 0
 335 0270 7B6B     		ldr	r3, [r7, #52]
 336 0272 03F10103 		add	r3, r3, #1
 337 0276 7B63     		str	r3, [r7, #52]
 338              	.L20:
  68:../Sources/UiTask.c **** 				for (i=0; i<10; i++) {
 339              		.loc 1 68 0 is_stmt 0
 340 0278 7B6B     		ldr	r3, [r7, #52]
 341 027a 092B     		cmp	r3, #9
 342 027c CAD9     		bls	.L22
  73:../Sources/UiTask.c **** 					}
  74:../Sources/UiTask.c **** 				}
  75:../Sources/UiTask.c **** 				break;
 343              		.loc 1 75 0 is_stmt 1
 344 027e 5AE0     		b	.L16
 345              	.L7:
  76:../Sources/UiTask.c **** 				
  77:../Sources/UiTask.c **** 		case 'r':
  78:../Sources/UiTask.c **** 				for (i=0; i<10; i++) {
 346              		.loc 1 78 0
 347 0280 4FF00003 		mov	r3, #0
 348 0284 7B63     		str	r3, [r7, #52]
 349 0286 2CE0     		b	.L23
 350              	.L25:
  79:../Sources/UiTask.c **** 					if (ids[i]) {
 351              		.loc 1 79 0
 352 0288 7B6B     		ldr	r3, [r7, #52]
 353 028a 4FEA8303 		lsl	r3, r3, #2
 354 028e 07F14002 		add	r2, r7, #64
 355 0292 D318     		adds	r3, r2, r3
 356 0294 53F8343C 		ldr	r3, [r3, #-52]
 357 0298 002B     		cmp	r3, #0
 358 029a 1ED0     		beq	.L24
  80:../Sources/UiTask.c **** 						printf("\nRestarting task 0x%08x", ids[i]);
 359              		.loc 1 80 0
 360 029c 7B6B     		ldr	r3, [r7, #52]
 361 029e 4FEA8303 		lsl	r3, r3, #2
 362 02a2 07F14002 		add	r2, r7, #64
 363 02a6 D318     		adds	r3, r2, r3
 364 02a8 53F8343C 		ldr	r3, [r3, #-52]
 365 02ac 40F20000 		movw	r0, #:lower16:.LC9
 366 02b0 C0F20000 		movt	r0, #:upper16:.LC9
 367 02b4 1946     		mov	r1, r3
 368 02b6 FFF7FEFF 		bl	_io_printf
  81:../Sources/UiTask.c **** 						_task_restart(ids[i],&i, FALSE);
 369              		.loc 1 81 0
 370 02ba 7B6B     		ldr	r3, [r7, #52]
 371 02bc 4FEA8303 		lsl	r3, r3, #2
 372 02c0 07F14002 		add	r2, r7, #64
 373 02c4 D318     		adds	r3, r2, r3
 374 02c6 53F8342C 		ldr	r2, [r3, #-52]
 375 02ca 07F13403 		add	r3, r7, #52
 376 02ce 1046     		mov	r0, r2
 377 02d0 1946     		mov	r1, r3
 378 02d2 4FF00002 		mov	r2, #0
 379 02d6 FFF7FEFF 		bl	_task_restart
 380              	.L24:
  78:../Sources/UiTask.c **** 				for (i=0; i<10; i++) {
 381              		.loc 1 78 0
 382 02da 7B6B     		ldr	r3, [r7, #52]
 383 02dc 03F10103 		add	r3, r3, #1
 384 02e0 7B63     		str	r3, [r7, #52]
 385              	.L23:
  78:../Sources/UiTask.c **** 				for (i=0; i<10; i++) {
 386              		.loc 1 78 0 is_stmt 0
 387 02e2 7B6B     		ldr	r3, [r7, #52]
 388 02e4 092B     		cmp	r3, #9
 389 02e6 CFD9     		bls	.L25
  82:../Sources/UiTask.c **** 					}
  83:../Sources/UiTask.c **** 				}
  84:../Sources/UiTask.c **** 				break;		
 390              		.loc 1 84 0 is_stmt 1
 391 02e8 25E0     		b	.L16
 392              	.L6:
  85:../Sources/UiTask.c **** 			
  86:../Sources/UiTask.c **** 			
  87:../Sources/UiTask.c **** 		case 'h':
  88:../Sources/UiTask.c **** 			printf("\nc- create can tasks");
 393              		.loc 1 88 0
 394 02ea 40F20000 		movw	r0, #:lower16:.LC10
 395 02ee C0F20000 		movt	r0, #:upper16:.LC10
 396 02f2 FFF7FEFF 		bl	_io_printf
  89:../Sources/UiTask.c **** 			printf("\na- abort can tasks");
 397              		.loc 1 89 0
 398 02f6 40F20000 		movw	r0, #:lower16:.LC11
 399 02fa C0F20000 		movt	r0, #:upper16:.LC11
 400 02fe FFF7FEFF 		bl	_io_printf
  90:../Sources/UiTask.c **** 			printf("\nd- destroy can tasks");
 401              		.loc 1 90 0
 402 0302 40F20000 		movw	r0, #:lower16:.LC12
 403 0306 C0F20000 		movt	r0, #:upper16:.LC12
 404 030a FFF7FEFF 		bl	_io_printf
  91:../Sources/UiTask.c **** 			printf("\nr- restart can tasks");
 405              		.loc 1 91 0
 406 030e 40F20000 		movw	r0, #:lower16:.LC13
 407 0312 C0F20000 		movt	r0, #:upper16:.LC13
 408 0316 FFF7FEFF 		bl	_io_printf
  92:../Sources/UiTask.c **** 			printf("\nh- help");
 409              		.loc 1 92 0
 410 031a 40F20000 		movw	r0, #:lower16:.LC14
 411 031e C0F20000 		movt	r0, #:upper16:.LC14
 412 0322 FFF7FEFF 		bl	_io_printf
  93:../Sources/UiTask.c **** 			break;			
 413              		.loc 1 93 0
 414 0326 06E0     		b	.L16
 415              	.L2:
  94:../Sources/UiTask.c **** 		
  95:../Sources/UiTask.c **** 		default:
  96:../Sources/UiTask.c **** 				printf("Invalid selection!\n");
 416              		.loc 1 96 0
 417 0328 40F20000 		movw	r0, #:lower16:.LC15
 418 032c C0F20000 		movt	r0, #:upper16:.LC15
 419 0330 FFF7FEFF 		bl	_io_printf
  97:../Sources/UiTask.c **** 				break;
 420              		.loc 1 97 0
 421 0334 00BF     		nop
 422              	.L16:
  98:../Sources/UiTask.c **** 		}
  99:../Sources/UiTask.c **** 		
 100:../Sources/UiTask.c **** 	}
 423              		.loc 1 100 0
 424 0336 A1E6     		b	.L26
 425              		.cfi_endproc
 426              	.LFE0:
 428              		.text
 429              	.Letext0:
 430              		.file 2 "C:/Freescale/CW MCU v10.6/MCU/ARM_GCC_Support/ewl/EWL_C/include/cstdint"
 431              		.file 3 "C:/Freescale/Freescale_MQX_4_1/lib/twrk60n512.cw10gcc/debug/psp/psptypes.h"
 432              		.file 4 "C:/Freescale/Freescale_MQX_4_1/lib/twrk60n512.cw10gcc/debug/bsp/mqx.h"
 433              		.file 5 "C:/Freescale/Freescale_MQX_4_1/lib/twrk60n512.cw10gcc/debug/psp/queue.h"
 434              		.file 6 "C:/Freescale/Freescale_MQX_4_1/lib/twrk60n512.cw10gcc/debug/psp/fio.h"
 435              		.file 7 "C:/Freescale/Freescale_MQX_4_1/lib/twrk60n512.cw10gcc/debug/psp/io.h"
DEFINED SYMBOLS
                            *ABS*:00000000 UiTask.c
C:\Users\Angus\AppData\Local\Temp\ccNNONTe.s:19     .rodata:00000000 $d
C:\Users\Angus\AppData\Local\Temp\ccNNONTe.s:20     .rodata:00000000 .LC0
C:\Users\Angus\AppData\Local\Temp\ccNNONTe.s:23     .rodata:00000014 .LC1
C:\Users\Angus\AppData\Local\Temp\ccNNONTe.s:26     .rodata:00000018 .LC2
C:\Users\Angus\AppData\Local\Temp\ccNNONTe.s:30     .rodata:0000004c .LC3
C:\Users\Angus\AppData\Local\Temp\ccNNONTe.s:33     .rodata:00000074 .LC4
C:\Users\Angus\AppData\Local\Temp\ccNNONTe.s:36     .rodata:00000078 .LC5
C:\Users\Angus\AppData\Local\Temp\ccNNONTe.s:39     .rodata:00000094 .LC6
C:\Users\Angus\AppData\Local\Temp\ccNNONTe.s:42     .rodata:000000ac .LC7
C:\Users\Angus\AppData\Local\Temp\ccNNONTe.s:45     .rodata:000000c8 .LC8
C:\Users\Angus\AppData\Local\Temp\ccNNONTe.s:48     .rodata:000000e0 .LC9
C:\Users\Angus\AppData\Local\Temp\ccNNONTe.s:51     .rodata:000000f8 .LC10
C:\Users\Angus\AppData\Local\Temp\ccNNONTe.s:54     .rodata:00000110 .LC11
C:\Users\Angus\AppData\Local\Temp\ccNNONTe.s:57     .rodata:00000124 .LC12
C:\Users\Angus\AppData\Local\Temp\ccNNONTe.s:60     .rodata:0000013c .LC13
C:\Users\Angus\AppData\Local\Temp\ccNNONTe.s:63     .rodata:00000154 .LC14
C:\Users\Angus\AppData\Local\Temp\ccNNONTe.s:66     .rodata:00000160 .LC15
C:\Users\Angus\AppData\Local\Temp\ccNNONTe.s:69     .text.Ui_task:00000000 $t
C:\Users\Angus\AppData\Local\Temp\ccNNONTe.s:74     .text.Ui_task:00000000 Ui_task
C:\Users\Angus\AppData\Local\Temp\ccNNONTe.s:153    .text.Ui_task:000000b8 $d
C:\Users\Angus\AppData\Local\Temp\ccNNONTe.s:173    .text.Ui_task:00000100 $t
                     .debug_frame:00000010 $d

UNDEFINED SYMBOLS
_io_printf
_task_block
_io_get_handle
_io_fgetc
_io_scanf
_task_destroy
_task_abort
_task_restart
