Archive member included because of file (symbol)

C:/Freescale/Freescale_MQX_4_1/lib/twrk60n512.cw10gcc/debug/psp/psp.a(comp.o)
                              (__init_hardware)
C:/Freescale/Freescale_MQX_4_1/lib/twrk60n512.cw10gcc/debug/psp/psp.a(nvic.o)
                              ./Sources/tsi.o (_nvic_int_init)
C:/Freescale/Freescale_MQX_4_1/lib/twrk60n512.cw10gcc/debug/psp/psp.a(dispatch.o)
                              ./Sources/UiTask.o (_task_block)
C:/Freescale/Freescale_MQX_4_1/lib/twrk60n512.cw10gcc/debug/psp/psp.a(boot.o)
                              (__boot)
C:/Freescale/Freescale_MQX_4_1/lib/twrk60n512.cw10gcc/debug/psp/psp.a(io_write.o)
                              ./Sources/AccelTask.o (_io_write)
C:/Freescale/Freescale_MQX_4_1/lib/twrk60n512.cw10gcc/debug/psp/psp.a(io_scanf.o)
                              ./Sources/UiTask.o (_io_scanf)
C:/Freescale/Freescale_MQX_4_1/lib/twrk60n512.cw10gcc/debug/psp/psp.a(io_read.o)
                              ./Sources/AccelTask.o (_io_read)
C:/Freescale/Freescale_MQX_4_1/lib/twrk60n512.cw10gcc/debug/psp/psp.a(io_pntf.o)
                              ./Sources/UiTask.o (_io_printf)
C:/Freescale/Freescale_MQX_4_1/lib/twrk60n512.cw10gcc/debug/psp/psp.a(io_ioctl.o)
                              ./Sources/AccelTask.o (_io_ioctl)
C:/Freescale/Freescale_MQX_4_1/lib/twrk60n512.cw10gcc/debug/psp/psp.a(io_fputc.o)
                              C:/Freescale/Freescale_MQX_4_1/lib/twrk60n512.cw10gcc/debug/psp/psp.a(io_pntf.o) (_io_fputc)
C:/Freescale/Freescale_MQX_4_1/lib/twrk60n512.cw10gcc/debug/psp/psp.a(io_fopen.o)
                              ./Sources/AccelTask.o (_io_fopen)
C:/Freescale/Freescale_MQX_4_1/lib/twrk60n512.cw10gcc/debug/psp/psp.a(io_fgetl.o)
                              C:/Freescale/Freescale_MQX_4_1/lib/twrk60n512.cw10gcc/debug/psp/psp.a(io_scanf.o) (_io_fgetline)
C:/Freescale/Freescale_MQX_4_1/lib/twrk60n512.cw10gcc/debug/psp/psp.a(io_fgetc.o)
                              ./Sources/UiTask.o (_io_fgetc)
C:/Freescale/Freescale_MQX_4_1/lib/twrk60n512.cw10gcc/debug/psp/psp.a(io_fflsh.o)
                              ./Sources/AccelTask.o (_io_fflush)
C:/Freescale/Freescale_MQX_4_1/lib/twrk60n512.cw10gcc/debug/psp/psp.a(io_dopr.o)
                              C:/Freescale/Freescale_MQX_4_1/lib/twrk60n512.cw10gcc/debug/psp/psp.a(io_pntf.o) (_io_doprint)
C:/Freescale/Freescale_MQX_4_1/lib/twrk60n512.cw10gcc/debug/psp/psp.a(io_ghand.o)
                              ./Sources/UiTask.o (_io_get_handle)
C:/Freescale/Freescale_MQX_4_1/lib/twrk60n512.cw10gcc/debug/psp/psp.a(time.o)
                              ./Sources/tsi.o (_time_delay)
C:/Freescale/Freescale_MQX_4_1/lib/twrk60n512.cw10gcc/debug/psp/psp.a(task.o)
                              C:/Freescale/Freescale_MQX_4_1/lib/twrk60n512.cw10gcc/debug/psp/psp.a(time.o) (_task_get_td)
C:/Freescale/Freescale_MQX_4_1/lib/twrk60n512.cw10gcc/debug/psp/psp.a(sched.o)
                              C:/Freescale/Freescale_MQX_4_1/lib/twrk60n512.cw10gcc/debug/psp/psp.a(time.o) (_sched_yield)
C:/Freescale/Freescale_MQX_4_1/lib/twrk60n512.cw10gcc/debug/psp/psp.a(queue.o)
                              C:/Freescale/Freescale_MQX_4_1/lib/twrk60n512.cw10gcc/debug/psp/psp.a(time.o) (_queue_insert)
C:/Freescale/Freescale_MQX_4_1/lib/twrk60n512.cw10gcc/debug/psp/psp.a(msgq.o)
                              ./Sources/TempTask.o (_msgq_get_id)
C:/Freescale/Freescale_MQX_4_1/lib/twrk60n512.cw10gcc/debug/psp/psp.a(msgpool.o)
                              ./Sources/HealthTask.o (_msgpool_create_system)
C:/Freescale/Freescale_MQX_4_1/lib/twrk60n512.cw10gcc/debug/psp/psp.a(msg.o)
                              C:/Freescale/Freescale_MQX_4_1/lib/twrk60n512.cw10gcc/debug/psp/psp.a(msgq.o) (_msg_alloc)
C:/Freescale/Freescale_MQX_4_1/lib/twrk60n512.cw10gcc/debug/psp/psp.a(mqx.o)
                              C:/Freescale/Freescale_MQX_4_1/lib/twrk60n512.cw10gcc/debug/psp/psp.a(time.o) (_mqx_zero_tick_struct)
C:/Freescale/Freescale_MQX_4_1/lib/twrk60n512.cw10gcc/debug/psp/psp.a(mem.o)
                              C:/Freescale/Freescale_MQX_4_1/lib/twrk60n512.cw10gcc/debug/psp/psp.a(msg.o) (_mem_swap_endian)
C:/Freescale/Freescale_MQX_4_1/lib/twrk60n512.cw10gcc/debug/psp/psp.a(lwtimer.o)
                              ./Sources/InputTask.o (_lwtimer_create_periodic_queue)
C:/Freescale/Freescale_MQX_4_1/lib/twrk60n512.cw10gcc/debug/psp/psp.a(lwsem.o)
                              C:/Freescale/Freescale_MQX_4_1/lib/twrk60n512.cw10gcc/debug/psp/psp.a(mqx.o) (_lwsem_create)
C:/Freescale/Freescale_MQX_4_1/lib/twrk60n512.cw10gcc/debug/psp/psp.a(lwmem.o)
                              C:/Freescale/Freescale_MQX_4_1/lib/twrk60n512.cw10gcc/debug/psp/psp.a(task.o) (_lwmem_alloc)
C:/Freescale/Freescale_MQX_4_1/lib/twrk60n512.cw10gcc/debug/psp/psp.a(lwevent.o)
                              ./Sources/InputTask.o (_lwevent_create)
C:/Freescale/Freescale_MQX_4_1/lib/twrk60n512.cw10gcc/debug/psp/psp.a(klog.o)
[...]
Memory Configuration

Name             Origin             Length             Attributes
vectorrom        0x00000000         0x00000400         xr
cfmprotrom       0x00000400         0x00000020         r
rom              0x00000420         0x0007fbe0         xr
ram              0x1fff0000         0x00020000         rw
end_of_kd        0x2000fff0         0x00000000         rw
bstack           0x2000fa00         0x00000200         rw
end_bstack       0x2000fc00         0x00000000         rw
*default*        0x00000000         0xffffffff

Linker script and memory map

LOAD c:/freescale/cw mcu v10.6/cross_tools/arm-none-eabi-gcc-4_7_3/bin/../lib/gcc/arm-none-eabi/4.7.3/armv7e-m/crti.o
LOAD c:/freescale/cw mcu v10.6/cross_tools/arm-none-eabi-gcc-4_7_3/bin/../lib/gcc/arm-none-eabi/4.7.3/armv7e-m/crtbegin.o
LOAD c:/freescale/cw mcu v10.6/cross_tools/arm-none-eabi-gcc-4_7_3/bin/../lib/gcc/arm-none-eabi/4.7.3/../../../../arm-none-eabi/lib/armv7e-m/crt0.o
LOAD ./Sources/tsi.o
LOAD ./Sources/main.o
LOAD ./Sources/UiTask.o
LOAD ./Sources/TheftTask.o
LOAD ./Sources/TempTask.o
LOAD ./Sources/InputTask.o
LOAD ./Sources/HealthTask.o
LOAD ./Sources/DisplayTask.o
LOAD ./Sources/AccelTask.o
START GROUP
LOAD C:/Freescale/Freescale_MQX_4_1/lib/twrk60n512.cw10gcc/debug/psp/psp.a
END GROUP
START GROUP
LOAD C:/Freescale/Freescale_MQX_4_1/lib/twrk60n512.cw10gcc/debug/bsp/bsp.a
END GROUP
START GROUP
LOAD C:/Freescale/Freescale_MQX_4_1/lib/twrk60n512.cw10gcc/debug/shell/shell.a
END GROUP
START GROUP
LOAD c:/freescale/cw mcu v10.6/cross_tools/arm-none-eabi-gcc-4_7_3/bin/../lib/gcc/arm-none-eabi/4.7.3/armv7e-m\libgcc.a
LOAD C:/Freescale/CW MCU v10.6/MCU/ARM_GCC_Support/ewl/lib/armv7e-m\libstdc++.a
LOAD C:/Freescale/CW MCU v10.6/MCU/ARM_GCC_Support/ewl/lib/armv7e-m\libm.a
LOAD C:/Freescale/CW MCU v10.6/MCU/ARM_GCC_Support/ewl/lib/armv7e-m\librt.a
LOAD C:/Freescale/CW MCU v10.6/MCU/ARM_GCC_Support/ewl/lib/armv7e-m\libc++.a
LOAD c:/freescale/cw mcu v10.6/cross_tools/arm-none-eabi-gcc-4_7_3/bin/../lib/gcc/arm-none-eabi/4.7.3/../../../../arm-none-eabi/lib/armv7e-m\libsupc++.a
LOAD C:/Freescale/CW MCU v10.6/MCU/ARM_GCC_Support/ewl/lib/armv7e-m\libc.a
END GROUP
LOAD C:/Freescale/CW MCU v10.6/MCU/ARM_GCC_Support/ewl/lib/armv7e-m/__arm_start.o
LOAD C:/Freescale/CW MCU v10.6/MCU/ARM_GCC_Support/ewl/lib/armv7e-m/__arm_end.o
LOAD C:/Freescale/Freescale_MQX_4_1/lib/twrk60n512.cw10gcc/debug/psp/psp.a
LOAD C:/Freescale/Freescale_MQX_4_1/lib/twrk60n512.cw10gcc/debug/bsp/bsp.a
LOAD C:/Freescale/Freescale_MQX_4_1/lib/twrk60n512.cw10gcc/debug/shell/shell.a
LOAD c:/freescale/cw mcu v10.6/cross_tools/arm-none-eabi-gcc-4_7_3/bin/../lib/gcc/arm-none-eabi/4.7.3/armv7e-m\libgcc.a
LOAD C:/Freescale/CW MCU v10.6/MCU/ARM_GCC_Support/ewl/lib/armv7e-m\libstdc++.a
LOAD C:/Freescale/CW MCU v10.6/MCU/ARM_GCC_Support/ewl/lib/armv7e-m\libm.a
LOAD C:/Freescale/CW MCU v10.6/MCU/ARM_GCC_Support/ewl/lib/armv7e-m\librt.a
LOAD C:/Freescale/CW MCU v10.6/MCU/ARM_GCC_Support/ewl/lib/armv7e-m\libc++.a
LOAD c:/freescale/cw mcu v10.6/cross_tools/arm-none-eabi-gcc-4_7_3/bin/../lib/gcc/arm-none-eabi/4.7.3/../../../../arm-none-eabi/lib/armv7e-m\libsupc++.a
LOAD C:/Freescale/CW MCU v10.6/MCU/ARM_GCC_Support/ewl/lib/armv7e-m\libc.a
START GROUP
LOAD c:/freescale/cw mcu v10.6/cross_tools/arm-none-eabi-gcc-4_7_3/bin/../lib/gcc/arm-none-eabi/4.7.3/armv7e-m\libgcc.a
LOAD c:/freescale/cw mcu v10.6/cross_tools/arm-none-eabi-gcc-4_7_3/bin/../lib/gcc/arm-none-eabi/4.7.3/../../../../arm-none-eabi/lib/armv7e-m\libg.a
LOAD C:/Freescale/CW MCU v10.6/MCU/ARM_GCC_Support/ewl/lib/armv7e-m\libc.a
END GROUP
LOAD c:/freescale/cw mcu v10.6/cross_tools/arm-none-eabi-gcc-4_7_3/bin/../lib/gcc/arm-none-eabi/4.7.3/armv7e-m/crtend.o
LOAD c:/freescale/cw mcu v10.6/cross_tools/arm-none-eabi-gcc-4_7_3/bin/../lib/gcc/arm-none-eabi/4.7.3/armv7e-m/crtn.o
                0x1fff0000                __INTERNAL_SRAM_BASE = 0x1fff0000
                0x00020000                __INTERNAL_SRAM_SIZE = 0x20000
                0x00000000                __INTERNAL_FLASH_BASE = 0x0
                0x00080000                __INTERNAL_FLASH_SIZE = 0x80000
                0x00000000                __INTERNAL_FLEXNVM_BASE = 0x0
                0x00000000                __INTERNAL_FLEXNVM_SIZE = 0x0
                0x70000000                __EXTERNAL_MRAM_BASE = 0x70000000
                0x00080000                __EXTERNAL_MRAM_SIZE = 0x80000
                0x70000000                __EXTERNAL_MRAM_ROM_BASE = 0x70000000
                0x00000000                __EXTERNAL_MRAM_ROM_SIZE = 0x0
                0x70000000                __EXTERNAL_MRAM_RAM_BASE = 0x70000000
                0x00080000                __EXTERNAL_MRAM_RAM_SIZE = 0x80000
                0x60000000                __EXTERNAL_LCD_BASE = 0x60000000
                0x0001ffff                __EXTERNAL_LCD_SIZE = 0x1ffff
                0x60010000                __EXTERNAL_LCD_DC_BASE = 0x60010000
                0x00000001                __DEFAULT_PROCESSOR_NUMBER = 0x1
                0x00000400                __DEFAULT_INTERRUPT_STACK_SIZE = 0x400
                0x00000000                __KERNEL_DATA_VERIFY_ENABLE = 0x0
                0x00000800                __FLASHX_SECT_SIZE = 0x800

.vectors        0x00000000      0x400
                0x00000000                __vector_table = .
                0x00000000                __VECTOR_TABLE_ROM_START = __vector_table
 *(.vectors_rom)
 .vectors_rom   0x00000000      0x400 C:/Freescale/Freescale_MQX_4_1/lib/twrk60n512.cw10gcc/debug/bsp/bsp.a(vectors.o)
                0x00000400                . = ALIGN (0x4)

.cfmprotect     0x00000400       0x10
 *(.cfmconfig)
 .cfmconfig     0x00000400       0x10 C:/Freescale/Freescale_MQX_4_1/lib/twrk60n512.cw10gcc/debug/bsp/bsp.a(vectors.o)
                0x00000400                _cfm
                0x00000410                . = ALIGN (0x4)

.text           0x00000420    0x19af0
 *(KERNEL)
 KERNEL         0x00000420      0x2ac C:/Freescale/Freescale_MQX_4_1/lib/twrk60n512.cw10gcc/debug/psp/psp.a(dispatch.o)
                0x00000420                _sched_start_internal
                0x00000424                _sched_run_internal
                0x0000042a                _sched_check_scheduler_internal
                0x00000448                _sched_execute_scheduler_internal
                0x0000044c                _mqx_api_call
                0x00000450                _task_block
                0x00000454                _svc_handler
                0x000004ee                _pend_svc
                0x0000055a                _int_kernel_isr
                0x00000626                _psp_exception_return
                0x00000660                _psp_save_fp_context_internal
                0x00000662                _mem_test_and_set
                0x00000680                __get_PSP
                0x00000686                __get_MSP
                0x0000068c                __set_MSP
                0x00000692                __get_PSR
                0x00000698                __enable_interrupt
                0x0000069c                __disable_interrupt
                0x000006a0                __get_LR
                0x000006a4                __get_PC
                0x000006a8                __get_CONTROL
 *(S_BOOT)
 *(IPSUM)
 *(.text*)
 .text          0x000006cc       0x54 c:/freescale/cw mcu v10.6/cross_tools/arm-none-eabi-gcc-4_7_3/bin/../lib/gcc/arm-none-eabi/4.7.3/armv7e-m/crtbegin.o
 .text.TSI_Start
                0x00000720       0x58 ./Sources/tsi.o
                0x00000720                TSI_Start
 .text.TSI_Init
                0x00000778       0xe4 ./Sources/tsi.o
                0x00000778                TSI_Init
 .text.TSI_SelfCalibration
                0x0000085c      0x190 ./Sources/tsi.o
                0x0000085c                TSI_SelfCalibration
 .text.TSI_isr  0x000009ec      0x390 ./Sources/tsi.o
                0x000009ec                TSI_isr
 .text.Ui_task  0x00000d7c      0x338 ./Sources/UiTask.o
                0x00000d7c                Ui_task
 .text.Theft_task
                0x000010b4       0x48 ./Sources/TheftTask.o
                0x000010b4                Theft_task
 .text.Temp_task
                0x000010fc       0x64 ./Sources/TempTask.o
                0x000010fc                Temp_task
 .text.Input_task
                0x00001160      0x28c ./Sources/InputTask.o
                0x00001160                Input_task
 .text.adc_timer_isr
                0x000013ec       0x18 ./Sources/InputTask.o
                0x000013ec                adc_timer_isr
 .text.init_switch
                0x00001404       0x78 ./Sources/InputTask.o
                0x00001404                init_switch
 .text.sw1_isr  0x0000147c       0x2c ./Sources/InputTask.o
                0x0000147c                sw1_isr
 .text.sw2_isr  0x000014a8       0x2c ./Sources/InputTask.o
                0x000014a8                sw2_isr
 .text.Health_task
                0x000014d4       0x88 ./Sources/HealthTask.o
                0x000014d4                Health_task
 .text.Display_task
                0x0000155c      0x29c ./Sources/DisplayTask.o
                0x0000155c                Display_task
 .text.print_accelerometer_data
                0x000017f8       0x6c ./Sources/DisplayTask.o
                0x000017f8                print_accelerometer_data
 .text.Accel_task
                0x00001864       0xe4 ./Sources/AccelTask.o
                0x00001864                Accel_task
 .text.InitializeI2C
                0x00001948       0x64 ./Sources/AccelTask.o
                0x00001948                InitializeI2C
 .text.InitializeMMA7660
                0x000019ac       0x28 ./Sources/AccelTask.o
                0x000019ac                InitializeMMA7660
 .text.write_I2C
                0x000019d4       0x7c ./Sources/AccelTask.o
                0x000019d4                write_I2C
 .text.read_I2C
                0x00001a50       0xd8 ./Sources/AccelTask.o
                0x00001a50                read_I2C
 .text.convert_accel_data
                0x00001b28       0x34 ./Sources/AccelTask.o
                0x00001b28                convert_accel_data
 .text.__init_hardware
                0x00001b5c        0xc C:/Freescale/Freescale_MQX_4_1/lib/twrk60n512.cw10gcc/debug/psp/psp.a(comp.o)
                0x00001b5c                __init_hardware
 .text.__init_registers
                0x00001b68        0xc C:/Freescale/Freescale_MQX_4_1/lib/twrk60n512.cw10gcc/debug/psp/psp.a(comp.o)
                0x00001b68                __init_registers
 .text.toolchain_startup
                0x00001b74        0xc C:/Freescale/Freescale_MQX_4_1/lib/twrk60n512.cw10gcc/debug/psp/psp.a(comp.o)
                0x00001b74                toolchain_startup
 .text._nvic_int_init
                0x00001b80       0xac C:/Freescale/Freescale_MQX_4_1/lib/twrk60n512.cw10gcc/debug/psp/psp.a(nvic.o)
                0x00001b80                _nvic_int_init
 .text._nvic_int_enable
                0x00001c2c       0x54 C:/Freescale/Freescale_MQX_4_1/lib/twrk60n512.cw10gcc/debug/psp/psp.a(nvic.o)
                0x00001c2c                _nvic_int_enable
 .text._nvic_int_disable
                0x00001c80       0x58 C:/Freescale/Freescale_MQX_4_1/lib/twrk60n512.cw10gcc/debug/psp/psp.a(nvic.o)
                0x00001c80                _nvic_int_disable
 .text          0x00001cd8       0x44 C:/Freescale/Freescale_MQX_4_1/lib/twrk60n512.cw10gcc/debug/psp/psp.a(boot.o)
                0x00001cd8                __boot
 .text._io_write
                0x00001d1c       0x4c C:/Freescale/Freescale_MQX_4_1/lib/twrk60n512.cw10gcc/debug/psp/psp.a(io_write.o)
                0x00001d1c                _io_write
 .text._io_scanf
                0x00001d68       0x6c C:/Freescale/Freescale_MQX_4_1/lib/twrk60n512.cw10gcc/debug/psp/psp.a(io_scanf.o)
                0x00001d68                _io_scanf
 .text._io_read
                0x00001dd4       0xc4 C:/Freescale/Freescale_MQX_4_1/lib/twrk60n512.cw10gcc/debug/psp/psp.a(io_read.o)
                0x00001dd4                _io_read
 .text._io_printf
                0x00001e98       0x44 C:/Freescale/Freescale_MQX_4_1/lib/twrk60n512.cw10gcc/debug/psp/psp.a(io_pntf.o)
                0x00001e98                _io_printf
 .text._io_ioctl
                0x00001edc       0x78 C:/Freescale/Freescale_MQX_4_1/lib/twrk60n512.cw10gcc/debug/psp/psp.a(io_ioctl.o)
                0x00001edc                _io_ioctl
 .text._io_fputc
                0x00001f54       0x64 C:/Freescale/Freescale_MQX_4_1/lib/twrk60n512.cw10gcc/debug/psp/psp.a(io_fputc.o)
                0x00001f54                _io_fputc
 .text._io_fopen
                0x00001fb8      0x104 C:/Freescale/Freescale_MQX_4_1/lib/twrk60n512.cw10gcc/debug/psp/psp.a(io_fopen.o)
                0x00001fb8                _io_fopen
 .text._io_fgetline
                0x000020bc      0x13c C:/Freescale/Freescale_MQX_4_1/lib/twrk60n512.cw10gcc/debug/psp/psp.a(io_fgetl.o)
                0x000020bc                _io_fgetline
 .text._io_fgetc
                0x000021f8       0x74 C:/Freescale/Freescale_MQX_4_1/lib/twrk60n512.cw10gcc/debug/psp/psp.a(io_fgetc.o)
                0x000021f8                _io_fgetc
 .text._io_fflush
                0x0000226c       0x5c C:/Freescale/Freescale_MQX_4_1/lib/twrk60n512.cw10gcc/debug/psp/psp.a(io_fflsh.o)
                0x0000226c                _io_fflush
 .text._io_mputc
                0x000022c8       0x60 C:/Freescale/Freescale_MQX_4_1/lib/twrk60n512.cw10gcc/debug/psp/psp.a(io_dopr.o)
 .text._io_putstr
                0x00002328       0x8c C:/Freescale/Freescale_MQX_4_1/lib/twrk60n512.cw10gcc/debug/psp/psp.a(io_dopr.o)
 *fill*         0x000023b4        0x4 00
 .text._io_doprint
                0x000023b8     0x1030 C:/Freescale/Freescale_MQX_4_1/lib/twrk60n512.cw10gcc/debug/psp/psp.a(io_dopr.o)
                0x000023b8                _io_doprint
 .text._io_doprint_prt
                0x000033e8      0x154 C:/Freescale/Freescale_MQX_4_1/lib/twrk60n512.cw10gcc/debug/psp/psp.a(io_dopr.o)
                0x000033e8                _io_doprint_prt
 .text._io_doprint_prt64
                0x0000353c      0x188 C:/Freescale/Freescale_MQX_4_1/lib/twrk60n512.cw10gcc/debug/psp/psp.a(io_dopr.o)
                0x0000353c                _io_doprint_prt64
 .text._io_get_handle
                0x000036c4       0x6c C:/Freescale/Freescale_MQX_4_1/lib/twrk60n512.cw10gcc/debug/psp/psp.a(io_ghand.o)
                0x000036c4                _io_get_handle
 .text._time_delay
                0x00003730       0xf8 C:/Freescale/Freescale_MQX_4_1/lib/twrk60n512.cw10gcc/debug/psp/psp.a(time.o)
                0x00003730                _time_delay
 .text._time_delay_for
                0x00003828       0xcc C:/Freescale/Freescale_MQX_4_1/lib/twrk60n512.cw10gcc/debug/psp/psp.a(time.o)
                0x00003828                _time_delay_for
 .text._time_delay_internal
                0x000038f4       0xc8 C:/Freescale/Freescale_MQX_4_1/lib/twrk60n512.cw10gcc/debug/psp/psp.a(time.o)
                0x000038f4                _time_delay_internal
 .text._time_delay_until
                0x000039bc       0xc8 C:/Freescale/Freescale_MQX_4_1/lib/twrk60n512.cw10gcc/debug/psp/psp.a(time.o)
                0x000039bc                _time_delay_until
 .text._time_diff_ticks
                0x00003a84       0x3c C:/Freescale/Freescale_MQX_4_1/lib/twrk60n512.cw10gcc/debug/psp/psp.a(time.o)
                0x00003a84                _time_diff_ticks
 .text._time_diff_milliseconds
                0x00003ac0       0x34 C:/Freescale/Freescale_MQX_4_1/lib/twrk60n512.cw10gcc/debug/psp/psp.a(time.o)
                0x00003ac0                _time_diff_milliseconds
 .text._time_get_hwticks
                0x00003af4       0x40 C:/Freescale/Freescale_MQX_4_1/lib/twrk60n512.cw10gcc/debug/psp/psp.a(time.o)
                0x00003af4                _time_get_hwticks
 .text._time_get_ticks
                0x00003b34       0x5c C:/Freescale/Freescale_MQX_4_1/lib/twrk60n512.cw10gcc/debug/psp/psp.a(time.o)
                0x00003b34                _time_get_ticks
 .text._time_notify_kernel
                0x00003b90      0x140 C:/Freescale/Freescale_MQX_4_1/lib/twrk60n512.cw10gcc/debug/psp/psp.a(time.o)
                0x00003b90                _time_notify_kernel
 .text._time_set_ticks_per_sec
                0x00003cd0       0x24 C:/Freescale/Freescale_MQX_4_1/lib/twrk60n512.cw10gcc/debug/psp/psp.a(time.o)
                0x00003cd0                _time_set_ticks_per_sec
 .text._time_set_hwtick_function
                0x00003cf4       0x2c C:/Freescale/Freescale_MQX_4_1/lib/twrk60n512.cw10gcc/debug/psp/psp.a(time.o)
                0x00003cf4                _time_set_hwtick_function
 .text._time_set_hwticks_per_tick
                0x00003d20       0x24 C:/Freescale/Freescale_MQX_4_1/lib/twrk60n512.cw10gcc/debug/psp/psp.a(time.o)
                0x00003d20                _time_set_hwticks_per_tick
 .text._task_abort_internal
                0x00003d44      0x244 C:/Freescale/Freescale_MQX_4_1/lib/twrk60n512.cw10gcc/debug/psp/psp.a(task.o)
                0x00003d44                _task_abort_internal
 .text._task_abort
                0x00003f88       0x20 C:/Freescale/Freescale_MQX_4_1/lib/twrk60n512.cw10gcc/debug/psp/psp.a(task.o)
                0x00003f88                _task_abort
 .text._task_destroy_internal
                0x00003fa8      0x48c C:/Freescale/Freescale_MQX_4_1/lib/twrk60n512.cw10gcc/debug/psp/psp.a(task.o)
                0x00003fa8                _task_destroy_internal
 .text._task_destroy
                0x00004434       0x20 C:/Freescale/Freescale_MQX_4_1/lib/twrk60n512.cw10gcc/debug/psp/psp.a(task.o)
                0x00004434                _task_destroy
 .text._task_ready
                0x00004454      0x160 C:/Freescale/Freescale_MQX_4_1/lib/twrk60n512.cw10gcc/debug/psp/psp.a(task.o)
                0x00004454                _task_ready
 .text._task_restart_func
                0x000045b4      0x490 C:/Freescale/Freescale_MQX_4_1/lib/twrk60n512.cw10gcc/debug/psp/psp.a(task.o)
 .text._task_restart
                0x00004a44       0x2c C:/Freescale/Freescale_MQX_4_1/lib/twrk60n512.cw10gcc/debug/psp/psp.a(task.o)
                0x00004a44                _task_restart
 .text._task_stop_preemption
                0x00004a70       0x84 C:/Freescale/Freescale_MQX_4_1/lib/twrk60n512.cw10gcc/debug/psp/psp.a(task.o)
                0x00004a70                _task_stop_preemption
 .text._task_get_id
                0x00004af4       0x1c C:/Freescale/Freescale_MQX_4_1/lib/twrk60n512.cw10gcc/debug/psp/psp.a(task.o)
                0x00004af4                _task_get_id
 .text._task_get_td
                0x00004b10       0x94 C:/Freescale/Freescale_MQX_4_1/lib/twrk60n512.cw10gcc/debug/psp/psp.a(task.o)
                0x00004b10                _task_get_td
 .text._task_set_error
                0x00004ba4       0x9c C:/Freescale/Freescale_MQX_4_1/lib/twrk60n512.cw10gcc/debug/psp/psp.a(task.o)
                0x00004ba4                _task_set_error
 .text._task_exit_function_internal
                0x00004c40       0x6c C:/Freescale/Freescale_MQX_4_1/lib/twrk60n512.cw10gcc/debug/psp/psp.a(task.o)
                0x00004c40                _task_exit_function_internal
 .text._task_init_internal
                0x00004cac      0x224 C:/Freescale/Freescale_MQX_4_1/lib/twrk60n512.cw10gcc/debug/psp/psp.a(task.o)
                0x00004cac                _task_init_internal
 .text._task_fill_stack_internal
                0x00004ed0       0x44 C:/Freescale/Freescale_MQX_4_1/lib/twrk60n512.cw10gcc/debug/psp/psp.a(task.o)
                0x00004ed0                _task_fill_stack_internal
 .text._task_ready_internal
                0x00004f14       0xa0 C:/Freescale/Freescale_MQX_4_1/lib/twrk60n512.cw10gcc/debug/psp/psp.a(task.o)
                0x00004f14                _task_ready_internal
 .text._task_alloc_td_internal
                0x00004fb4      0x158 C:/Freescale/Freescale_MQX_4_1/lib/twrk60n512.cw10gcc/debug/psp/psp.a(task.o)
                0x00004fb4                _task_alloc_td_internal
 .text._task_set_error_td_internal
                0x0000510c       0x90 C:/Freescale/Freescale_MQX_4_1/lib/twrk60n512.cw10gcc/debug/psp/psp.a(task.o)
                0x0000510c                _task_set_error_td_internal
 .text._sched_yield
                0x0000519c       0x5c C:/Freescale/Freescale_MQX_4_1/lib/twrk60n512.cw10gcc/debug/psp/psp.a(sched.o)
                0x0000519c                _sched_yield
 .text._queue_init
                0x000051f8       0x30 C:/Freescale/Freescale_MQX_4_1/lib/twrk60n512.cw10gcc/debug/psp/psp.a(queue.o)
                0x000051f8                _queue_init
 .text._queue_enqueue
                0x00005228       0x70 C:/Freescale/Freescale_MQX_4_1/lib/twrk60n512.cw10gcc/debug/psp/psp.a(queue.o)
                0x00005228                _queue_enqueue
 .text._queue_dequeue
                0x00005298       0x5c C:/Freescale/Freescale_MQX_4_1/lib/twrk60n512.cw10gcc/debug/psp/psp.a(queue.o)
                0x00005298                _queue_dequeue
 .text._queue_insert
                0x000052f4       0x78 C:/Freescale/Freescale_MQX_4_1/lib/twrk60n512.cw10gcc/debug/psp/psp.a(queue.o)
                0x000052f4                _queue_insert
 .text._msgq_get_id
                0x0000536c       0x54 C:/Freescale/Freescale_MQX_4_1/lib/twrk60n512.cw10gcc/debug/psp/psp.a(msgq.o)
                0x0000536c                _msgq_get_id
 .text._msgq_open
                0x000053c0       0x98 C:/Freescale/Freescale_MQX_4_1/lib/twrk60n512.cw10gcc/debug/psp/psp.a(msgq.o)
                0x000053c0                _msgq_open
 .text._msgq_open_internal
                0x00005458      0x178 C:/Freescale/Freescale_MQX_4_1/lib/twrk60n512.cw10gcc/debug/psp/psp.a(msgq.o)
                0x00005458                _msgq_open_internal
 .text._msgq_receive
                0x000055d0      0x154 C:/Freescale/Freescale_MQX_4_1/lib/twrk60n512.cw10gcc/debug/psp/psp.a(msgq.o)
                0x000055d0                _msgq_receive
 .text._msgq_receive_internal
                0x00005724      0x354 C:/Freescale/Freescale_MQX_4_1/lib/twrk60n512.cw10gcc/debug/psp/psp.a(msgq.o)
                0x00005724                _msgq_receive_internal
 .text._msgq_send
                0x00005a78       0x90 C:/Freescale/Freescale_MQX_4_1/lib/twrk60n512.cw10gcc/debug/psp/psp.a(msgq.o)
                0x00005a78                _msgq_send
 .text._msgq_send_internal
                0x00005b08      0x334 C:/Freescale/Freescale_MQX_4_1/lib/twrk60n512.cw10gcc/debug/psp/psp.a(msgq.o)
                0x00005b08                _msgq_send_internal
 .text._msgq_insert_message_internal
                0x00005e3c       0xd8 C:/Freescale/Freescale_MQX_4_1/lib/twrk60n512.cw10gcc/debug/psp/psp.a(msgq.o)
                0x00005e3c                _msgq_insert_message_internal
 .text._msgpool_create_internal
                0x00005f14      0x1b0 C:/Freescale/Freescale_MQX_4_1/lib/twrk60n512.cw10gcc/debug/psp/psp.a(msgpool.o)
                0x00005f14                _msgpool_create_internal
 .text._msgpool_add_internal
                0x000060c4      0x120 C:/Freescale/Freescale_MQX_4_1/lib/twrk60n512.cw10gcc/debug/psp/psp.a(msgpool.o)
                0x000060c4                _msgpool_add_internal
 .text._msgpool_create_system
                0x000061e4       0xa4 C:/Freescale/Freescale_MQX_4_1/lib/twrk60n512.cw10gcc/debug/psp/psp.a(msgpool.o)
                0x000061e4                _msgpool_create_system
 .text._msg_create_component
                0x00006288      0x2ec C:/Freescale/Freescale_MQX_4_1/lib/twrk60n512.cw10gcc/debug/psp/psp.a(msg.o)
                0x00006288                _msg_create_component
 .text._msg_free
                0x00006574      0x158 C:/Freescale/Freescale_MQX_4_1/lib/twrk60n512.cw10gcc/debug/psp/psp.a(msg.o)
                0x00006574                _msg_free
 .text._msg_cleanup
                0x000066cc      0x16c C:/Freescale/Freescale_MQX_4_1/lib/twrk60n512.cw10gcc/debug/psp/psp.a(msg.o)
                0x000066cc                _msg_cleanup
 .text._msg_alloc_system
                0x00006838      0x1a0 C:/Freescale/Freescale_MQX_4_1/lib/twrk60n512.cw10gcc/debug/psp/psp.a(msg.o)
                0x00006838                _msg_alloc_system
 .text._mqx     0x000069d8      0x248 C:/Freescale/Freescale_MQX_4_1/lib/twrk60n512.cw10gcc/debug/psp/psp.a(mqx.o)
                0x000069d8                _mqx
 .text._mqx_exit
                0x00006c20       0x4c C:/Freescale/Freescale_MQX_4_1/lib/twrk60n512.cw10gcc/debug/psp/psp.a(mqx.o)
                0x00006c20                _mqx_exit
 .text._mqx_set_cpu_type
                0x00006c6c       0x28 C:/Freescale/Freescale_MQX_4_1/lib/twrk60n512.cw10gcc/debug/psp/psp.a(mqx.o)
                0x00006c6c                _mqx_set_cpu_type
 .text._mqx_init_kernel_data_internal
                0x00006c94      0x1b4 C:/Freescale/Freescale_MQX_4_1/lib/twrk60n512.cw10gcc/debug/psp/psp.a(mqx.o)
                0x00006c94                _mqx_init_kernel_data_internal
 .text._lwtimer_create_periodic_queue
                0x00006e48       0xf4 C:/Freescale/Freescale_MQX_4_1/lib/twrk60n512.cw10gcc/debug/psp/psp.a(lwtimer.o)
                0x00006e48                _lwtimer_create_periodic_queue
 .text._lwtimer_add_timer_to_queue
                0x00006f3c      0x174 C:/Freescale/Freescale_MQX_4_1/lib/twrk60n512.cw10gcc/debug/psp/psp.a(lwtimer.o)
                0x00006f3c                _lwtimer_add_timer_to_queue
 .text._lwtimer_isr_internal
                0x000070b0       0xb4 C:/Freescale/Freescale_MQX_4_1/lib/twrk60n512.cw10gcc/debug/psp/psp.a(lwtimer.o)
                0x000070b0                _lwtimer_isr_internal
 .text._lwsem_create_internal
                0x00007164      0x12c C:/Freescale/Freescale_MQX_4_1/lib/twrk60n512.cw10gcc/debug/psp/psp.a(lwsem.o)
                0x00007164                _lwsem_create_internal
 .text._lwsem_create
                0x00007290       0x28 C:/Freescale/Freescale_MQX_4_1/lib/twrk60n512.cw10gcc/debug/psp/psp.a(lwsem.o)
                0x00007290                _lwsem_create
 .text._lwsem_post
                0x000072b8      0x168 C:/Freescale/Freescale_MQX_4_1/lib/twrk60n512.cw10gcc/debug/psp/psp.a(lwsem.o)
                0x000072b8                _lwsem_post
 .text._lwsem_wait
                0x00007420      0x1b8 C:/Freescale/Freescale_MQX_4_1/lib/twrk60n512.cw10gcc/debug/psp/psp.a(lwsem.o)
                0x00007420                _lwsem_wait
 .text._lwmem_alloc_internal
                0x000075d8      0x1b4 C:/Freescale/Freescale_MQX_4_1/lib/twrk60n512.cw10gcc/debug/psp/psp.a(lwmem.o)
                0x000075d8                _lwmem_alloc_internal
 .text._lwmem_alloc_at_internal
                0x0000778c      0x1d8 C:/Freescale/Freescale_MQX_4_1/lib/twrk60n512.cw10gcc/debug/psp/psp.a(lwmem.o)
                0x0000778c                _lwmem_alloc_at_internal
 .text._lwmem_alloc_align_internal
                0x00007964      0x24c C:/Freescale/Freescale_MQX_4_1/lib/twrk60n512.cw10gcc/debug/psp/psp.a(lwmem.o)
                0x00007964                _lwmem_alloc_align_internal
 .text._lwmem_alloc
                0x00007bb0       0x90 C:/Freescale/Freescale_MQX_4_1/lib/twrk60n512.cw10gcc/debug/psp/psp.a(lwmem.o)
                0x00007bb0                _lwmem_alloc
 .text._lwmem_alloc_at
                0x00007c40       0x94 C:/Freescale/Freescale_MQX_4_1/lib/twrk60n512.cw10gcc/debug/psp/psp.a(lwmem.o)
                0x00007c40                _lwmem_alloc_at
 .text._lwmem_alloc_zero
                0x00007cd4       0x90 C:/Freescale/Freescale_MQX_4_1/lib/twrk60n512.cw10gcc/debug/psp/psp.a(lwmem.o)
                0x00007cd4                _lwmem_alloc_zero
 .text._lwmem_create_pool
                0x00007d64      0x11c C:/Freescale/Freescale_MQX_4_1/lib/twrk60n512.cw10gcc/debug/psp/psp.a(lwmem.o)
                0x00007d64                _lwmem_create_pool
 .text._lwmem_free
                0x00007e80      0x294 C:/Freescale/Freescale_MQX_4_1/lib/twrk60n512.cw10gcc/debug/psp/psp.a(lwmem.o)
                0x00007e80                _lwmem_free
 .text._lwmem_alloc_system
                0x00008114       0x94 C:/Freescale/Freescale_MQX_4_1/lib/twrk60n512.cw10gcc/debug/psp/psp.a(lwmem.o)
                0x00008114                _lwmem_alloc_system
 .text._lwmem_alloc_system_align
                0x000081a8       0x94 C:/Freescale/Freescale_MQX_4_1/lib/twrk60n512.cw10gcc/debug/psp/psp.a(lwmem.o)
                0x000081a8                _lwmem_alloc_system_align
 .text._lwmem_init_internal
                0x0000823c       0x54 C:/Freescale/Freescale_MQX_4_1/lib/twrk60n512.cw10gcc/debug/psp/psp.a(lwmem.o)
                0x0000823c                _lwmem_init_internal
 .text._lwmem_get_next_block_internal
                0x00008290       0xcc C:/Freescale/Freescale_MQX_4_1/lib/twrk60n512.cw10gcc/debug/psp/psp.a(lwmem.o)
                0x00008290                _lwmem_get_next_block_internal
 .text._lwmem_set_type
                0x0000835c       0x38 C:/Freescale/Freescale_MQX_4_1/lib/twrk60n512.cw10gcc/debug/psp/psp.a(lwmem.o)
                0x0000835c                _lwmem_set_type
 .text._lwmem_transfer_internal
                0x00008394       0x28 C:/Freescale/Freescale_MQX_4_1/lib/twrk60n512.cw10gcc/debug/psp/psp.a(lwmem.o)
                0x00008394                _lwmem_transfer_internal
 .text._lwmem_transfer_td_internal
                0x000083bc       0x30 C:/Freescale/Freescale_MQX_4_1/lib/twrk60n512.cw10gcc/debug/psp/psp.a(lwmem.o)
                0x000083bc                _lwmem_transfer_td_internal
 .text._lwmem_alloc_system_zero
                0x000083ec       0x94 C:/Freescale/Freescale_MQX_4_1/lib/twrk60n512.cw10gcc/debug/psp/psp.a(lwmem.o)
                0x000083ec                _lwmem_alloc_system_zero
 .text._lwevent_create_internal
                0x00008480      0x154 C:/Freescale/Freescale_MQX_4_1/lib/twrk60n512.cw10gcc/debug/psp/psp.a(lwevent.o)
                0x00008480                _lwevent_create_internal
 .text._lwevent_create
                0x000085d4       0x24 C:/Freescale/Freescale_MQX_4_1/lib/twrk60n512.cw10gcc/debug/psp/psp.a(lwevent.o)
                0x000085d4                _lwevent_create
 .text._lwevent_destroy_internal
                0x000085f8      0x1b0 C:/Freescale/Freescale_MQX_4_1/lib/twrk60n512.cw10gcc/debug/psp/psp.a(lwevent.o)
                0x000085f8                _lwevent_destroy_internal
 .text._lwevent_destroy
                0x000087a8       0x20 C:/Freescale/Freescale_MQX_4_1/lib/twrk60n512.cw10gcc/debug/psp/psp.a(lwevent.o)
                0x000087a8                _lwevent_destroy
 .text._lwevent_clear
                0x000087c8       0xd8 C:/Freescale/Freescale_MQX_4_1/lib/twrk60n512.cw10gcc/debug/psp/psp.a(lwevent.o)
                0x000087c8                _lwevent_clear
 .text._lwevent_get_signalled
                0x000088a0       0x80 C:/Freescale/Freescale_MQX_4_1/lib/twrk60n512.cw10gcc/debug/psp/psp.a(lwevent.o)
                0x000088a0                _lwevent_get_signalled
 .text._lwevent_set
                0x00008920      0x1f8 C:/Freescale/Freescale_MQX_4_1/lib/twrk60n512.cw10gcc/debug/psp/psp.a(lwevent.o)
                0x00008920                _lwevent_set
 .text._lwevent_wait_internal
                0x00008b18      0x14c C:/Freescale/Freescale_MQX_4_1/lib/twrk60n512.cw10gcc/debug/psp/psp.a(lwevent.o)
                0x00008b18                _lwevent_wait_internal
 .text._lwevent_wait_ticks
                0x00008c64       0xe0 C:/Freescale/Freescale_MQX_4_1/lib/twrk60n512.cw10gcc/debug/psp/psp.a(lwevent.o)
                0x00008c64                _lwevent_wait_ticks
 .text._klog_control
                0x00008d44       0x4c C:/Freescale/Freescale_MQX_4_1/lib/twrk60n512.cw10gcc/debug/psp/psp.a(klog.o)
                0x00008d44                _klog_control
 .text._klog_create
                0x00008d90       0x3c C:/Freescale/Freescale_MQX_4_1/lib/twrk60n512.cw10gcc/debug/psp/psp.a(klog.o)
                0x00008d90                _klog_create
 .text._klog_enable_logging_task
                0x00008dcc       0x34 C:/Freescale/Freescale_MQX_4_1/lib/twrk60n512.cw10gcc/debug/psp/psp.a(klog.o)
                0x00008dcc                _klog_enable_logging_task
 .text._klog_log
                0x00008e00       0xbc C:/Freescale/Freescale_MQX_4_1/lib/twrk60n512.cw10gcc/debug/psp/psp.a(klog.o)
                0x00008e00                _klog_log
 .text._klog_block_internal
                0x00008ebc       0x8c C:/Freescale/Freescale_MQX_4_1/lib/twrk60n512.cw10gcc/debug/psp/psp.a(klog.o)
                0x00008ebc                _klog_block_internal
 .text._klog_yield_internal
                0x00008f48       0x8c C:/Freescale/Freescale_MQX_4_1/lib/twrk60n512.cw10gcc/debug/psp/psp.a(klog.o)
                0x00008f48                _klog_yield_internal
 .text._klog_context_switch_internal
                0x00008fd4       0x94 C:/Freescale/Freescale_MQX_4_1/lib/twrk60n512.cw10gcc/debug/psp/psp.a(klog.o)
                0x00008fd4                _klog_context_switch_internal
 .text._klog_isr_start_internal
                0x00009068       0x84 C:/Freescale/Freescale_MQX_4_1/lib/twrk60n512.cw10gcc/debug/psp/psp.a(klog.o)
                0x00009068                _klog_isr_start_internal
 .text._klog_isr_end_internal
                0x000090ec       0x78 C:/Freescale/Freescale_MQX_4_1/lib/twrk60n512.cw10gcc/debug/psp/psp.a(klog.o)
                0x000090ec                _klog_isr_end_internal
 .text._int_default_isr
                0x00009164       0x8c C:/Freescale/Freescale_MQX_4_1/lib/twrk60n512.cw10gcc/debug/psp/psp.a(int.o)
                0x00009164                _int_default_isr
 .text._int_disable
                0x000091f0       0x3c C:/Freescale/Freescale_MQX_4_1/lib/twrk60n512.cw10gcc/debug/psp/psp.a(int.o)
                0x000091f0                _int_disable
 .text._int_enable
                0x0000922c       0x54 C:/Freescale/Freescale_MQX_4_1/lib/twrk60n512.cw10gcc/debug/psp/psp.a(int.o)
                0x0000922c                _int_enable
 .text._int_get_default_isr
                0x00009280       0x24 C:/Freescale/Freescale_MQX_4_1/lib/twrk60n512.cw10gcc/debug/psp/psp.a(int.o)
                0x00009280                _int_get_default_isr
 .text._int_get_isr
                0x000092a4       0xa8 C:/Freescale/Freescale_MQX_4_1/lib/twrk60n512.cw10gcc/debug/psp/psp.a(int.o)
                0x000092a4                _int_get_isr
 .text._int_get_isr_data
                0x0000934c       0xa4 C:/Freescale/Freescale_MQX_4_1/lib/twrk60n512.cw10gcc/debug/psp/psp.a(int.o)
                0x0000934c                _int_get_isr_data
 .text._int_install_isr
                0x000093f0      0x1d0 C:/Freescale/Freescale_MQX_4_1/lib/twrk60n512.cw10gcc/debug/psp/psp.a(int.o)
                0x000093f0                _int_install_isr
 .text._int_init
                0x000095c0       0xd4 C:/Freescale/Freescale_MQX_4_1/lib/twrk60n512.cw10gcc/debug/psp/psp.a(int.o)
                0x000095c0                _int_init
 .text._bsp_post_init
                0x00009694       0x10 C:/Freescale/Freescale_MQX_4_1/lib/twrk60n512.cw10gcc/debug/psp/psp.a(inittask.o)
                0x00009694                _bsp_post_init
 .text._mqx_init_task
                0x000096a4       0xa0 C:/Freescale/Freescale_MQX_4_1/lib/twrk60n512.cw10gcc/debug/psp/psp.a(inittask.o)
                0x000096a4                _mqx_init_task
 .text._mqx_idle_task
                0x00009744       0x6c C:/Freescale/Freescale_MQX_4_1/lib/twrk60n512.cw10gcc/debug/psp/psp.a(idletask.o)
                0x00009744                _mqx_idle_task
 .text._psp_get_stack_start
                0x000097b0       0x1c C:/Freescale/Freescale_MQX_4_1/lib/twrk60n512.cw10gcc/debug/psp/psp.a(stack_st.o)
                0x000097b0                _psp_get_stack_start
 .text._psp_destroy_stack_frame
                0x000097cc       0x14 C:/Freescale/Freescale_MQX_4_1/lib/twrk60n512.cw10gcc/debug/psp/psp.a(stack_de.o)
                0x000097cc                _psp_destroy_stack_frame
 .text._psp_build_stack_frame
                0x000097e0       0xa4 C:/Freescale/Freescale_MQX_4_1/lib/twrk60n512.cw10gcc/debug/psp/psp.a(stack_bu.o)
                0x000097e0                _psp_build_stack_frame
 .text._psp_set_kernel_disable_level
                0x00009884       0xc4 C:/Freescale/Freescale_MQX_4_1/lib/twrk60n512.cw10gcc/debug/psp/psp.a(sc_irdyq.o)
                0x00009884                _psp_set_kernel_disable_level
 .text._psp_init_readyqs
                0x00009948       0xe0 C:/Freescale/Freescale_MQX_4_1/lib/twrk60n512.cw10gcc/debug/psp/psp.a(sc_irdyq.o)
                0x00009948                _psp_init_readyqs
 .text._psp_subtract_ticks
                0x00009a28       0x6c C:/Freescale/Freescale_MQX_4_1/lib/twrk60n512.cw10gcc/debug/psp/psp.a(psp_tisu.o)
                0x00009a28                _psp_subtract_ticks
 .text._psp_normalize_ticks
                0x00009a94       0x5c C:/Freescale/Freescale_MQX_4_1/lib/twrk60n512.cw10gcc/debug/psp/psp.a(psp_tinm.o)
                0x00009a94                _psp_normalize_ticks
 .text.__psp_ticks_to_milliseconds
                0x00009af0      0x104 C:/Freescale/Freescale_MQX_4_1/lib/twrk60n512.cw10gcc/debug/psp/psp.a(psp_tims.o)
 .text._psp_ticks_to_milliseconds
                0x00009bf4       0x24 C:/Freescale/Freescale_MQX_4_1/lib/twrk60n512.cw10gcc/debug/psp/psp.a(psp_tims.o)
                0x00009bf4                _psp_ticks_to_milliseconds
 .text._psp_add_ticks
                0x00009c18       0x74 C:/Freescale/Freescale_MQX_4_1/lib/twrk60n512.cw10gcc/debug/psp/psp.a(psp_tiad.o)
                0x00009c18                _psp_add_ticks
 .text._psp_msecs_to_ticks_quick
                0x00009c8c       0xf8 C:/Freescale/Freescale_MQX_4_1/lib/twrk60n512.cw10gcc/debug/psp/psp.a(psp_mstiq.o)
                0x00009c8c                _psp_msecs_to_ticks_quick
 .text._psp_add_element_to_array
                0x00009d84       0x70 C:/Freescale/Freescale_MQX_4_1/lib/twrk60n512.cw10gcc/debug/psp/psp.a(psp_mat3.o)
                0x00009d84                _psp_add_element_to_array
 .text._psp_div_128_by_32
                0x00009df4      0x148 C:/Freescale/Freescale_MQX_4_1/lib/twrk60n512.cw10gcc/debug/psp/psp.a(psp_mat2.o)
                0x00009df4                _psp_div_128_by_32
 .text._psp_mul_128_by_32
                0x00009f3c      0x190 C:/Freescale/Freescale_MQX_4_1/lib/twrk60n512.cw10gcc/debug/psp/psp.a(psp_mat1.o)
                0x00009f3c                _psp_mul_128_by_32
 .text._io_scanline
                0x0000a0cc      0x870 C:/Freescale/Freescale_MQX_4_1/lib/twrk60n512.cw10gcc/debug/psp/psp.a(io_scanl.o)
                0x0000a0cc                _io_scanline
 .text._io_scanline_ignore_white_space
                0x0000a93c       0x58 C:/Freescale/Freescale_MQX_4_1/lib/twrk60n512.cw10gcc/debug/psp/psp.a(io_scanl.o)
                0x0000a93c                _io_scanline_ignore_white_space
 .text._io_scanline_format_ignore_white_space
                0x0000a994       0x4c C:/Freescale/Freescale_MQX_4_1/lib/twrk60n512.cw10gcc/debug/psp/psp.a(io_scanl.o)
                0x0000a994                _io_scanline_format_ignore_white_space
 .text._io_scanline_base_convert
                0x0000a9e0       0x5c C:/Freescale/Freescale_MQX_4_1/lib/twrk60n512.cw10gcc/debug/psp/psp.a(io_scanl.o)
                0x0000a9e0                _io_scanline_base_convert
 .text._io_scanline_is_octal_digit
                0x0000aa3c       0x2c C:/Freescale/Freescale_MQX_4_1/lib/twrk60n512.cw10gcc/debug/psp/psp.a(io_scanl.o)
                0x0000aa3c                _io_scanline_is_octal_digit
 .text._io_scanline_is_hex_digit
                0x0000aa68       0x44 C:/Freescale/Freescale_MQX_4_1/lib/twrk60n512.cw10gcc/debug/psp/psp.a(io_scanl.o)
                0x0000aa68                _io_scanline_is_hex_digit
 .text._io_fungetc
                0x0000aaac       0x54 C:/Freescale/Freescale_MQX_4_1/lib/twrk60n512.cw10gcc/debug/psp/psp.a(io_fung.o)
                0x0000aaac                _io_fungetc
 .text._io_fseek
                0x0000ab00      0x100 C:/Freescale/Freescale_MQX_4_1/lib/twrk60n512.cw10gcc/debug/psp/psp.a(io_fseek.o)
                0x0000ab00                _io_fseek
 .text._lwlog_create_component
                0x0000ac00       0xa4 C:/Freescale/Freescale_MQX_4_1/lib/twrk60n512.cw10gcc/debug/psp/psp.a(lwlog.o)
                0x0000ac00                _lwlog_create_component
 .text._lwlog_create_internal
                0x0000aca4      0x13c C:/Freescale/Freescale_MQX_4_1/lib/twrk60n512.cw10gcc/debug/psp/psp.a(lwlog.o)
                0x0000aca4                _lwlog_create_internal
 .text._lwlog_create
                0x0000ade0       0x78 C:/Freescale/Freescale_MQX_4_1/lib/twrk60n512.cw10gcc/debug/psp/psp.a(lwlog.o)
                0x0000ade0                _lwlog_create
 .text._lwlog_write_internal
                0x0000ae58      0x170 C:/Freescale/Freescale_MQX_4_1/lib/twrk60n512.cw10gcc/debug/psp/psp.a(lwlog.o)
                0x0000ae58                _lwlog_write_internal
 .text._lwlog_write
                0x0000afc8       0x68 C:/Freescale/Freescale_MQX_4_1/lib/twrk60n512.cw10gcc/debug/psp/psp.a(lwlog.o)
                0x0000afc8                _lwlog_write
 .text.main     0x0000b030       0x18 C:/Freescale/Freescale_MQX_4_1/lib/twrk60n512.cw10gcc/debug/bsp/bsp.a(mqx_main.o)
                0x0000b030                main
 .text._bsp_watchdog_disable
                0x0000b048       0x3c C:/Freescale/Freescale_MQX_4_1/lib/twrk60n512.cw10gcc/debug/bsp/bsp.a(init_hw.o)
                0x0000b048                _bsp_watchdog_disable
 .text._bsp_flexbus_setup
                0x0000b084      0x184 C:/Freescale/Freescale_MQX_4_1/lib/twrk60n512.cw10gcc/debug/bsp/bsp.a(init_hw.o)
 .text._bsp_flexbus_mram_setup
                0x0000b208       0x38 C:/Freescale/Freescale_MQX_4_1/lib/twrk60n512.cw10gcc/debug/bsp/bsp.a(init_hw.o)
 .text.init_hardware
                0x0000b240       0x70 C:/Freescale/Freescale_MQX_4_1/lib/twrk60n512.cw10gcc/debug/bsp/bsp.a(init_hw.o)
                0x0000b240                init_hardware
 .text._bsp_serial_io_init
                0x0000b2b0      0x3bc C:/Freescale/Freescale_MQX_4_1/lib/twrk60n512.cw10gcc/debug/bsp/bsp.a(init_gpio.o)
                0x0000b2b0                _bsp_serial_io_init
 .text._bsp_adc_io_init
                0x0000b66c       0x70 C:/Freescale/Freescale_MQX_4_1/lib/twrk60n512.cw10gcc/debug/bsp/bsp.a(init_gpio.o)
                0x0000b66c                _bsp_adc_io_init
 .text._bsp_adc_channel_io_init
                0x0000b6dc      0x168 C:/Freescale/Freescale_MQX_4_1/lib/twrk60n512.cw10gcc/debug/bsp/bsp.a(init_gpio.o)
                0x0000b6dc                _bsp_adc_channel_io_init
 .text._bsp_rtc_io_init
                0x0000b844       0x38 C:/Freescale/Freescale_MQX_4_1/lib/twrk60n512.cw10gcc/debug/bsp/bsp.a(init_gpio.o)
                0x0000b844                _bsp_rtc_io_init
 .text._bsp_esdhc_io_init
                0x0000b87c       0xa4 C:/Freescale/Freescale_MQX_4_1/lib/twrk60n512.cw10gcc/debug/bsp/bsp.a(init_gpio.o)
                0x0000b87c                _bsp_esdhc_io_init
 .text._bsp_i2c_io_init
                0x0000b920       0xa4 C:/Freescale/Freescale_MQX_4_1/lib/twrk60n512.cw10gcc/debug/bsp/bsp.a(init_gpio.o)
                0x0000b920                _bsp_i2c_io_init
 .text._bsp_gpio_io_init
                0x0000b9c4       0x38 C:/Freescale/Freescale_MQX_4_1/lib/twrk60n512.cw10gcc/debug/bsp/bsp.a(init_gpio.o)
                0x0000b9c4                _bsp_gpio_io_init
 .text._bsp_serial_rts_init
                0x0000b9fc       0x50 C:/Freescale/Freescale_MQX_4_1/lib/twrk60n512.cw10gcc/debug/bsp/bsp.a(init_gpio.o)
                0x0000b9fc                _bsp_serial_rts_init
 .text._bsp_serial_irda_tx_init
                0x0000ba4c       0x6c C:/Freescale/Freescale_MQX_4_1/lib/twrk60n512.cw10gcc/debug/bsp/bsp.a(init_gpio.o)
                0x0000ba4c                _bsp_serial_irda_tx_init
 .text._bsp_serial_irda_rx_init
                0x0000bab8      0x1a4 C:/Freescale/Freescale_MQX_4_1/lib/twrk60n512.cw10gcc/debug/bsp/bsp.a(init_gpio.o)
                0x0000bab8                _bsp_serial_irda_rx_init
 .text._bsp_pre_init
                0x0000bc5c      0x190 C:/Freescale/Freescale_MQX_4_1/lib/twrk60n512.cw10gcc/debug/bsp/bsp.a(init_bsp.o)
                0x0000bc5c                _bsp_pre_init
 .text._bsp_init
                0x0000bdec       0xf0 C:/Freescale/Freescale_MQX_4_1/lib/twrk60n512.cw10gcc/debug/bsp/bsp.a(init_bsp.o)
                0x0000bdec                _bsp_init
 .text._bsp_systimer_callback
                0x0000bedc       0x14 C:/Freescale/Freescale_MQX_4_1/lib/twrk60n512.cw10gcc/debug/bsp/bsp.a(init_bsp.o)
                0x0000bedc                _bsp_systimer_callback
 .text._bsp_get_hwticks
                0x0000bef0       0x28 C:/Freescale/Freescale_MQX_4_1/lib/twrk60n512.cw10gcc/debug/bsp/bsp.a(init_bsp.o)
                0x0000bef0                _bsp_get_hwticks
 .text.LDD_SetClockConfiguration
                0x0000bf18       0x14 C:/Freescale/Freescale_MQX_4_1/lib/twrk60n512.cw10gcc/debug/bsp/bsp.a(bsp_cm.o)
                0x0000bf18                LDD_SetClockConfiguration
 .text.Cpu_MCGAutoTrim
                0x0000bf2c       0xc4 C:/Freescale/Freescale_MQX_4_1/lib/twrk60n512.cw10gcc/debug/bsp/bsp.a(bsp_cm.o)
                0x0000bf2c                Cpu_MCGAutoTrim
 .text.Cpu_SetMCGModePEE
                0x0000bff0       0xa4 C:/Freescale/Freescale_MQX_4_1/lib/twrk60n512.cw10gcc/debug/bsp/bsp.a(bsp_cm.o)
 .text.Cpu_SetMCGModePBE
                0x0000c094      0x15c C:/Freescale/Freescale_MQX_4_1/lib/twrk60n512.cw10gcc/debug/bsp/bsp.a(bsp_cm.o)
 .text.Cpu_SetMCGModeFBE
                0x0000c1f0      0x194 C:/Freescale/Freescale_MQX_4_1/lib/twrk60n512.cw10gcc/debug/bsp/bsp.a(bsp_cm.o)
 .text.Cpu_SetMCGModeBLPI
                0x0000c384       0x74 C:/Freescale/Freescale_MQX_4_1/lib/twrk60n512.cw10gcc/debug/bsp/bsp.a(bsp_cm.o)
 .text.Cpu_SetMCGModeFBI
                0x0000c3f8      0x194 C:/Freescale/Freescale_MQX_4_1/lib/twrk60n512.cw10gcc/debug/bsp/bsp.a(bsp_cm.o)
 .text.Cpu_SetMCG
                0x0000c58c       0xb8 C:/Freescale/Freescale_MQX_4_1/lib/twrk60n512.cw10gcc/debug/bsp/bsp.a(bsp_cm.o)
 .text.Cpu_GetCurrentMCGMode
                0x0000c644       0x74 C:/Freescale/Freescale_MQX_4_1/lib/twrk60n512.cw10gcc/debug/bsp/bsp.a(bsp_cm.o)
 .text.Cpu_SetClockConfiguration
                0x0000c6b8      0x2ec C:/Freescale/Freescale_MQX_4_1/lib/twrk60n512.cw10gcc/debug/bsp/bsp.a(bsp_cm.o)
                0x0000c6b8                Cpu_SetClockConfiguration
 .text.Cpu_GetClockConfiguration
                0x0000c9a4       0x18 C:/Freescale/Freescale_MQX_4_1/lib/twrk60n512.cw10gcc/debug/bsp/bsp.a(bsp_cm.o)
                0x0000c9a4                Cpu_GetClockConfiguration
 .text.__pe_initialize_hardware
                0x0000c9bc      0x310 C:/Freescale/Freescale_MQX_4_1/lib/twrk60n512.cw10gcc/debug/bsp/bsp.a(bsp_cm.o)
                0x0000c9bc                __pe_initialize_hardware
 .text.PE_low_level_init
                0x0000cccc      0x134 C:/Freescale/Freescale_MQX_4_1/lib/twrk60n512.cw10gcc/debug/bsp/bsp.a(bsp_cm.o)
                0x0000cccc                PE_low_level_init
 .text._bsp_set_clock_configuration
                0x0000ce00       0x58 C:/Freescale/Freescale_MQX_4_1/lib/twrk60n512.cw10gcc/debug/bsp/bsp.a(bsp_cm.o)
                0x0000ce00                _bsp_set_clock_configuration
 .text._bsp_get_clock_configuration
                0x0000ce58       0x10 C:/Freescale/Freescale_MQX_4_1/lib/twrk60n512.cw10gcc/debug/bsp/bsp.a(bsp_cm.o)
                0x0000ce58                _bsp_get_clock_configuration
 .text._bsp_get_clock
                0x0000ce68       0x60 C:/Freescale/Freescale_MQX_4_1/lib/twrk60n512.cw10gcc/debug/bsp/bsp.a(bsp_cm.o)
                0x0000ce68                _bsp_get_clock
 .text._bsp_osc_autotrim
                0x0000cec8       0x48 C:/Freescale/Freescale_MQX_4_1/lib/twrk60n512.cw10gcc/debug/bsp/bsp.a(bsp_cm.o)
                0x0000cec8                _bsp_osc_autotrim
 .text._bsp_low_level_init
                0x0000cf10        0xc C:/Freescale/Freescale_MQX_4_1/lib/twrk60n512.cw10gcc/debug/bsp/bsp.a(bsp_cm.o)
                0x0000cf10                _bsp_low_level_init
 .text._bsp_initialize_hardware
                0x0000cf1c        0xc C:/Freescale/Freescale_MQX_4_1/lib/twrk60n512.cw10gcc/debug/bsp/bsp.a(bsp_cm.o)
                0x0000cf1c                _bsp_initialize_hardware
 .text._io_adc_install
                0x0000cf28       0xac C:/Freescale/Freescale_MQX_4_1/lib/twrk60n512.cw10gcc/debug/bsp/bsp.a(adc.o)
                0x0000cf28                _io_adc_install
 .text._adc_open
                0x0000cfd4      0x5d4 C:/Freescale/Freescale_MQX_4_1/lib/twrk60n512.cw10gcc/debug/bsp/bsp.a(adc.o)
                0x0000cfd4                _adc_open
 .text._adc_close
                0x0000d5a8      0x170 C:/Freescale/Freescale_MQX_4_1/lib/twrk60n512.cw10gcc/debug/bsp/bsp.a(adc.o)
                0x0000d5a8                _adc_close
 .text._adc_read
                0x0000d718       0xcc C:/Freescale/Freescale_MQX_4_1/lib/twrk60n512.cw10gcc/debug/bsp/bsp.a(adc.o)
                0x0000d718                _adc_read
 .text._adc_write
                0x0000d7e4       0x1c C:/Freescale/Freescale_MQX_4_1/lib/twrk60n512.cw10gcc/debug/bsp/bsp.a(adc.o)
                0x0000d7e4                _adc_write
 .text._adc_ioctl
                0x0000d800      0x178 C:/Freescale/Freescale_MQX_4_1/lib/twrk60n512.cw10gcc/debug/bsp/bsp.a(adc.o)
                0x0000d800                _adc_ioctl
 .text._adt_hw_ioctl
                0x0000d978      0x39c C:/Freescale/Freescale_MQX_4_1/lib/twrk60n512.cw10gcc/debug/bsp/bsp.a(adt_kpdb.o)
                0x0000d978                _adt_hw_ioctl
 .text._adt_hw_install
                0x0000dd14       0x1c C:/Freescale/Freescale_MQX_4_1/lib/twrk60n512.cw10gcc/debug/bsp/bsp.a(adt_kpdb.o)
                0x0000dd14                _adt_hw_install
 .text._adt_hw_init
                0x0000dd30      0x220 C:/Freescale/Freescale_MQX_4_1/lib/twrk60n512.cw10gcc/debug/bsp/bsp.a(adt_kpdb.o)
                0x0000dd30                _adt_hw_init
 .text._adt_hw_deinit
                0x0000df50       0x28 C:/Freescale/Freescale_MQX_4_1/lib/twrk60n512.cw10gcc/debug/bsp/bsp.a(adt_kpdb.o)
                0x0000df50                _adt_hw_deinit
 .text.adt_period_prescaler
                0x0000df78      0x30c C:/Freescale/Freescale_MQX_4_1/lib/twrk60n512.cw10gcc/debug/bsp/bsp.a(adt_kpdb.o)
 .text._adt_hw_channel_init
                0x0000e284      0x270 C:/Freescale/Freescale_MQX_4_1/lib/twrk60n512.cw10gcc/debug/bsp/bsp.a(adt_kpdb.o)
                0x0000e284                _adt_hw_channel_init
 .text._adt_hw_channel_deinit
                0x0000e4f4      0x1e0 C:/Freescale/Freescale_MQX_4_1/lib/twrk60n512.cw10gcc/debug/bsp/bsp.a(adt_kpdb.o)
                0x0000e4f4                _adt_hw_channel_deinit
 .text._adt_trigger
                0x0000e6d4      0x1cc C:/Freescale/Freescale_MQX_4_1/lib/twrk60n512.cw10gcc/debug/bsp/bsp.a(adt_kpdb.o)
                0x0000e6d4                _adt_trigger
 .text._adt_pause
                0x0000e8a0      0x1a0 C:/Freescale/Freescale_MQX_4_1/lib/twrk60n512.cw10gcc/debug/bsp/bsp.a(adt_kpdb.o)
                0x0000e8a0                _adt_pause
 .text._adt_resume
                0x0000ea40      0x1ac C:/Freescale/Freescale_MQX_4_1/lib/twrk60n512.cw10gcc/debug/bsp/bsp.a(adt_kpdb.o)
                0x0000ea40                _adt_resume
 .text._adt_stop
                0x0000ebec      0x17c C:/Freescale/Freescale_MQX_4_1/lib/twrk60n512.cw10gcc/debug/bsp/bsp.a(adt_kpdb.o)
                0x0000ebec                _adt_stop
 .text._adt_process_data
                0x0000ed68      0x178 C:/Freescale/Freescale_MQX_4_1/lib/twrk60n512.cw10gcc/debug/bsp/bsp.a(adt_kpdb.o)
                0x0000ed68                _adt_process_data
 .text.adt_idelay_isr
                0x0000eee0       0x8c C:/Freescale/Freescale_MQX_4_1/lib/twrk60n512.cw10gcc/debug/bsp/bsp.a(adt_kpdb.o)
 .text._adc_hw_ioctl
                0x0000ef6c      0x618 C:/Freescale/Freescale_MQX_4_1/lib/twrk60n512.cw10gcc/debug/bsp/bsp.a(adc_kadc.o)
                0x0000ef6c                _adc_hw_ioctl
 .text._adc_hw_install
                0x0000f584       0x24 C:/Freescale/Freescale_MQX_4_1/lib/twrk60n512.cw10gcc/debug/bsp/bsp.a(adc_kadc.o)
                0x0000f584                _adc_hw_install
 .text._adc_hw_init
                0x0000f5a8      0x3f8 C:/Freescale/Freescale_MQX_4_1/lib/twrk60n512.cw10gcc/debug/bsp/bsp.a(adc_kadc.o)
                0x0000f5a8                _adc_hw_init
 .text._adc_hw_deinit
                0x0000f9a0       0x38 C:/Freescale/Freescale_MQX_4_1/lib/twrk60n512.cw10gcc/debug/bsp/bsp.a(adc_kadc.o)
                0x0000f9a0                _adc_hw_deinit
 .text._adc_hw_channel_init
                0x0000f9d8      0x1d0 C:/Freescale/Freescale_MQX_4_1/lib/twrk60n512.cw10gcc/debug/bsp/bsp.a(adc_kadc.o)
                0x0000f9d8                _adc_hw_channel_init
 .text._adc_hw_channel_deinit
                0x0000fba8       0xc0 C:/Freescale/Freescale_MQX_4_1/lib/twrk60n512.cw10gcc/debug/bsp/bsp.a(adc_kadc.o)
                0x0000fba8                _adc_hw_channel_deinit
 .text.adc_process_data
                0x0000fc68      0x128 C:/Freescale/Freescale_MQX_4_1/lib/twrk60n512.cw10gcc/debug/bsp/bsp.a(adc_kadc.o)
 .text.adc_process_all_data
                0x0000fd90       0x64 C:/Freescale/Freescale_MQX_4_1/lib/twrk60n512.cw10gcc/debug/bsp/bsp.a(adc_kadc.o)
                0x0000fd90                adc_process_all_data
 .text.adc_complete_isr
                0x0000fdf4       0x44 C:/Freescale/Freescale_MQX_4_1/lib/twrk60n512.cw10gcc/debug/bsp/bsp.a(adc_kadc.o)
 .text.adc_calibrate
                0x0000fe38      0x164 C:/Freescale/Freescale_MQX_4_1/lib/twrk60n512.cw10gcc/debug/bsp/bsp.a(adc_kadc.o)
 .text.adc_get_calibration_data
                0x0000ff9c       0xec C:/Freescale/Freescale_MQX_4_1/lib/twrk60n512.cw10gcc/debug/bsp/bsp.a(adc_kadc.o)
 .text.adc_set_calibration_data
                0x00010088      0x110 C:/Freescale/Freescale_MQX_4_1/lib/twrk60n512.cw10gcc/debug/bsp/bsp.a(adc_kadc.o)
 .text.dma_init
                0x00010198       0xa4 C:/Freescale/Freescale_MQX_4_1/lib/twrk60n512.cw10gcc/debug/bsp/bsp.a(dma.o)
                0x00010198                dma_init
 .text.dma_deinit
                0x0001023c       0xa4 C:/Freescale/Freescale_MQX_4_1/lib/twrk60n512.cw10gcc/debug/bsp/bsp.a(dma.o)
                0x0001023c                dma_deinit
 .text._esdhc_set_baudrate_low
                0x000102e0       0xf8 C:/Freescale/Freescale_MQX_4_1/lib/twrk60n512.cw10gcc/debug/bsp/bsp.a(esdhc.o)
 .text._esdhc_set_baudrate
                0x000103d8       0x70 C:/Freescale/Freescale_MQX_4_1/lib/twrk60n512.cw10gcc/debug/bsp/bsp.a(esdhc.o)
 .text._esdhc_get_baudrate_low
                0x00010448       0x48 C:/Freescale/Freescale_MQX_4_1/lib/twrk60n512.cw10gcc/debug/bsp/bsp.a(esdhc.o)
 .text._esdhc_get_baudrate
                0x00010490       0x2c C:/Freescale/Freescale_MQX_4_1/lib/twrk60n512.cw10gcc/debug/bsp/bsp.a(esdhc.o)
 .text._esdhc_is_running
                0x000104bc       0x28 C:/Freescale/Freescale_MQX_4_1/lib/twrk60n512.cw10gcc/debug/bsp/bsp.a(esdhc.o)
 .text._esdhc_init
                0x000104e4      0x12c C:/Freescale/Freescale_MQX_4_1/lib/twrk60n512.cw10gcc/debug/bsp/bsp.a(esdhc.o)
 .text._esdhc_send_command
                0x00010610      0x3e8 C:/Freescale/Freescale_MQX_4_1/lib/twrk60n512.cw10gcc/debug/bsp/bsp.a(esdhc.o)
 .text._esdhc_get_card_type
                0x000109f8      0x418 C:/Freescale/Freescale_MQX_4_1/lib/twrk60n512.cw10gcc/debug/bsp/bsp.a(esdhc.o)
 .text._esdhc_install
                0x00010e10      0x14c C:/Freescale/Freescale_MQX_4_1/lib/twrk60n512.cw10gcc/debug/bsp/bsp.a(esdhc.o)
                0x00010e10                _esdhc_install
 .text._esdhc_uninstall
                0x00010f5c       0x7c C:/Freescale/Freescale_MQX_4_1/lib/twrk60n512.cw10gcc/debug/bsp/bsp.a(esdhc.o)
                0x00010f5c                _esdhc_uninstall
 .text._esdhc_open
                0x00010fd8       0x68 C:/Freescale/Freescale_MQX_4_1/lib/twrk60n512.cw10gcc/debug/bsp/bsp.a(esdhc.o)
                0x00010fd8                _esdhc_open
 .text._esdhc_close
                0x00011040       0x5c C:/Freescale/Freescale_MQX_4_1/lib/twrk60n512.cw10gcc/debug/bsp/bsp.a(esdhc.o)
                0x00011040                _esdhc_close
 .text._esdhc_ioctl
                0x0001109c      0x4fc C:/Freescale/Freescale_MQX_4_1/lib/twrk60n512.cw10gcc/debug/bsp/bsp.a(esdhc.o)
                0x0001109c                _esdhc_ioctl
 .text._esdhc_read
                0x00011598      0x18c C:/Freescale/Freescale_MQX_4_1/lib/twrk60n512.cw10gcc/debug/bsp/bsp.a(esdhc.o)
                0x00011598                _esdhc_read
 .text._esdhc_write
                0x00011724      0x168 C:/Freescale/Freescale_MQX_4_1/lib/twrk60n512.cw10gcc/debug/bsp/bsp.a(esdhc.o)
                0x00011724                _esdhc_write
 .text._esdhc_isr
                0x0001188c      0x21c C:/Freescale/Freescale_MQX_4_1/lib/twrk60n512.cw10gcc/debug/bsp/bsp.a(esdhc.o)
 .text._io_gpio_install
                0x00011aa8       0x5c C:/Freescale/Freescale_MQX_4_1/lib/twrk60n512.cw10gcc/debug/bsp/bsp.a(io_gpio.o)
                0x00011aa8                _io_gpio_install
 .text._io_gpio_open
                0x00011b04      0x328 C:/Freescale/Freescale_MQX_4_1/lib/twrk60n512.cw10gcc/debug/bsp/bsp.a(io_gpio.o)
                0x00011b04                _io_gpio_open
 .text._io_gpio_close
                0x00011e2c       0xd4 C:/Freescale/Freescale_MQX_4_1/lib/twrk60n512.cw10gcc/debug/bsp/bsp.a(io_gpio.o)
                0x00011e2c                _io_gpio_close
 .text._io_gpio_read
                0x00011f00       0x1c C:/Freescale/Freescale_MQX_4_1/lib/twrk60n512.cw10gcc/debug/bsp/bsp.a(io_gpio.o)
                0x00011f00                _io_gpio_read
 .text._io_gpio_write
                0x00011f1c       0x1c C:/Freescale/Freescale_MQX_4_1/lib/twrk60n512.cw10gcc/debug/bsp/bsp.a(io_gpio.o)
                0x00011f1c                _io_gpio_write
 .text.get_irq_mask
                0x00011f38       0x58 C:/Freescale/Freescale_MQX_4_1/lib/twrk60n512.cw10gcc/debug/bsp/bsp.a(io_gpio_kgpio.o)
 .text.gpio_cpu_configure
                0x00011f90      0x290 C:/Freescale/Freescale_MQX_4_1/lib/twrk60n512.cw10gcc/debug/bsp/bsp.a(io_gpio_kgpio.o)
                0x00011f90                gpio_cpu_configure
 .text.gpio_cpu_init
                0x00012220       0x10 C:/Freescale/Freescale_MQX_4_1/lib/twrk60n512.cw10gcc/debug/bsp/bsp.a(io_gpio_kgpio.o)
                0x00012220                gpio_cpu_init
 .text.install_isr
                0x00012230      0x114 C:/Freescale/Freescale_MQX_4_1/lib/twrk60n512.cw10gcc/debug/bsp/bsp.a(io_gpio_kgpio.o)
 .text.gpio_cpu_open
                0x00012344      0x264 C:/Freescale/Freescale_MQX_4_1/lib/twrk60n512.cw10gcc/debug/bsp/bsp.a(io_gpio_kgpio.o)
                0x00012344                gpio_cpu_open
 .text.gpio_cpu_ioctl
                0x000125a8      0xb1c C:/Freescale/Freescale_MQX_4_1/lib/twrk60n512.cw10gcc/debug/bsp/bsp.a(io_gpio_kgpio.o)
                0x000125a8                gpio_cpu_ioctl
 .text.gpio_eport_irq
                0x000130c4       0xe0 C:/Freescale/Freescale_MQX_4_1/lib/twrk60n512.cw10gcc/debug/bsp/bsp.a(io_gpio_kgpio.o)
 .text.hwtimer_systick_isr
                0x000131a4       0x6c C:/Freescale/Freescale_MQX_4_1/lib/twrk60n512.cw10gcc/debug/bsp/bsp.a(hwtimer_systick.o)
 .text.hwtimer_systick_init
                0x00013210       0xa8 C:/Freescale/Freescale_MQX_4_1/lib/twrk60n512.cw10gcc/debug/bsp/bsp.a(hwtimer_systick.o)
 .text.hwtimer_systick_deinit
                0x000132b8       0x3c C:/Freescale/Freescale_MQX_4_1/lib/twrk60n512.cw10gcc/debug/bsp/bsp.a(hwtimer_systick.o)
 .text.hwtimer_systick_set_div
                0x000132f4       0x54 C:/Freescale/Freescale_MQX_4_1/lib/twrk60n512.cw10gcc/debug/bsp/bsp.a(hwtimer_systick.o)
 .text.hwtimer_systick_start
                0x00013348       0x30 C:/Freescale/Freescale_MQX_4_1/lib/twrk60n512.cw10gcc/debug/bsp/bsp.a(hwtimer_systick.o)
 .text.hwtimer_systick_stop
                0x00013378       0x30 C:/Freescale/Freescale_MQX_4_1/lib/twrk60n512.cw10gcc/debug/bsp/bsp.a(hwtimer_systick.o)
 .text.hwtimer_systick_get_time
                0x000133a8       0x6c C:/Freescale/Freescale_MQX_4_1/lib/twrk60n512.cw10gcc/debug/bsp/bsp.a(hwtimer_systick.o)
 .text.systick_get_vector
                0x00013414       0x10 C:/Freescale/Freescale_MQX_4_1/lib/twrk60n512.cw10gcc/debug/bsp/bsp.a(hwtimer_kinetis.o)
                0x00013414                systick_get_vector
 .text.hwtimer_init
                0x00013424       0x94 C:/Freescale/Freescale_MQX_4_1/lib/twrk60n512.cw10gcc/debug/bsp/bsp.a(hwtimer.o)
                0x00013424                hwtimer_init
 .text.hwtimer_deinit
                0x000134b8       0xb4 C:/Freescale/Freescale_MQX_4_1/lib/twrk60n512.cw10gcc/debug/bsp/bsp.a(hwtimer.o)
                0x000134b8                hwtimer_deinit
 .text.hwtimer_set_freq
                0x0001356c       0x80 C:/Freescale/Freescale_MQX_4_1/lib/twrk60n512.cw10gcc/debug/bsp/bsp.a(hwtimer.o)
                0x0001356c                hwtimer_set_freq
 .text.hwtimer_start
                0x000135ec       0x44 C:/Freescale/Freescale_MQX_4_1/lib/twrk60n512.cw10gcc/debug/bsp/bsp.a(hwtimer.o)
                0x000135ec                hwtimer_start
 .text.hwtimer_get_modulo
                0x00013630       0x24 C:/Freescale/Freescale_MQX_4_1/lib/twrk60n512.cw10gcc/debug/bsp/bsp.a(hwtimer.o)
                0x00013630                hwtimer_get_modulo
 .text.hwtimer_get_time
                0x00013654       0x4c C:/Freescale/Freescale_MQX_4_1/lib/twrk60n512.cw10gcc/debug/bsp/bsp.a(hwtimer.o)
                0x00013654                hwtimer_get_time
 .text.hwtimer_callback_reg
                0x000136a0       0x48 C:/Freescale/Freescale_MQX_4_1/lib/twrk60n512.cw10gcc/debug/bsp/bsp.a(hwtimer.o)
                0x000136a0                hwtimer_callback_reg
 .text._ki2c_set_baudrate
                0x000136e8       0xbc C:/Freescale/Freescale_MQX_4_1/lib/twrk60n512.cw10gcc/debug/bsp/bsp.a(i2c_pol_ki2c.o)
 .text._ki2c_polled_install
                0x000137a4       0x4c C:/Freescale/Freescale_MQX_4_1/lib/twrk60n512.cw10gcc/debug/bsp/bsp.a(i2c_pol_ki2c.o)
                0x000137a4                _ki2c_polled_install
 .text._ki2c_polled_init
                0x000137f0      0x16c C:/Freescale/Freescale_MQX_4_1/lib/twrk60n512.cw10gcc/debug/bsp/bsp.a(i2c_pol_ki2c.o)
                0x000137f0                _ki2c_polled_init
 .text._ki2c_polled_deinit
                0x0001395c       0x70 C:/Freescale/Freescale_MQX_4_1/lib/twrk60n512.cw10gcc/debug/bsp/bsp.a(i2c_pol_ki2c.o)
                0x0001395c                _ki2c_polled_deinit
 .text._ki2c_polled_ioctl
                0x000139cc      0x540 C:/Freescale/Freescale_MQX_4_1/lib/twrk60n512.cw10gcc/debug/bsp/bsp.a(i2c_pol_ki2c.o)
                0x000139cc                _ki2c_polled_ioctl
 .text._ki2c_polled_rx
                0x00013f0c      0x100 C:/Freescale/Freescale_MQX_4_1/lib/twrk60n512.cw10gcc/debug/bsp/bsp.a(i2c_pol_ki2c.o)
                0x00013f0c                _ki2c_polled_rx
 .text._ki2c_polled_tx
                0x0001400c       0xf8 C:/Freescale/Freescale_MQX_4_1/lib/twrk60n512.cw10gcc/debug/bsp/bsp.a(i2c_pol_ki2c.o)
                0x0001400c                _ki2c_polled_tx
 .text._ki2c_polled_rx_tx
                0x00014104      0x5a4 C:/Freescale/Freescale_MQX_4_1/lib/twrk60n512.cw10gcc/debug/bsp/bsp.a(i2c_pol_ki2c.o)
 .text._bsp_get_i2c_base_address
                0x000146a8       0x44 C:/Freescale/Freescale_MQX_4_1/lib/twrk60n512.cw10gcc/debug/bsp/bsp.a(i2c_mk60.o)
                0x000146a8                _bsp_get_i2c_base_address
 .text._bsp_get_i2c_vector
                0x000146ec       0x3c C:/Freescale/Freescale_MQX_4_1/lib/twrk60n512.cw10gcc/debug/bsp/bsp.a(i2c_mk60.o)
                0x000146ec                _bsp_get_i2c_vector
 .text._ki2c_int_install
                0x00014728       0x4c C:/Freescale/Freescale_MQX_4_1/lib/twrk60n512.cw10gcc/debug/bsp/bsp.a(i2c_int_ki2c.o)
                0x00014728                _ki2c_int_install
 .text._ki2c_int_init
                0x00014774      0x118 C:/Freescale/Freescale_MQX_4_1/lib/twrk60n512.cw10gcc/debug/bsp/bsp.a(i2c_int_ki2c.o)
                0x00014774                _ki2c_int_init
 .text._ki2c_int_deinit
                0x0001488c       0xa8 C:/Freescale/Freescale_MQX_4_1/lib/twrk60n512.cw10gcc/debug/bsp/bsp.a(i2c_int_ki2c.o)
                0x0001488c                _ki2c_int_deinit
 .text._ki2c_int_rx
                0x00014934      0x1bc C:/Freescale/Freescale_MQX_4_1/lib/twrk60n512.cw10gcc/debug/bsp/bsp.a(i2c_int_ki2c.o)
                0x00014934                _ki2c_int_rx
 .text._ki2c_int_tx
                0x00014af0      0x1b0 C:/Freescale/Freescale_MQX_4_1/lib/twrk60n512.cw10gcc/debug/bsp/bsp.a(i2c_int_ki2c.o)
                0x00014af0                _ki2c_int_tx
 .text._ki2c_isr
                0x00014ca0      0x638 C:/Freescale/Freescale_MQX_4_1/lib/twrk60n512.cw10gcc/debug/bsp/bsp.a(i2c_int_ki2c.o)
 .text._io_i2c_int_install
                0x000152d8       0xa0 C:/Freescale/Freescale_MQX_4_1/lib/twrk60n512.cw10gcc/debug/bsp/bsp.a(i2c_int.o)
                0x000152d8                _io_i2c_int_install
 .text._io_i2c_int_uninstall
                0x00015378       0x50 C:/Freescale/Freescale_MQX_4_1/lib/twrk60n512.cw10gcc/debug/bsp/bsp.a(i2c_int.o)
                0x00015378                _io_i2c_int_uninstall
 .text._io_i2c_int_open
                0x000153c8       0x74 C:/Freescale/Freescale_MQX_4_1/lib/twrk60n512.cw10gcc/debug/bsp/bsp.a(i2c_int.o)
                0x000153c8                _io_i2c_int_open
 .text._io_i2c_int_close
                0x0001543c       0x70 C:/Freescale/Freescale_MQX_4_1/lib/twrk60n512.cw10gcc/debug/bsp/bsp.a(i2c_int.o)
                0x0001543c                _io_i2c_int_close
 .text._io_i2c_int_read
                0x000154ac       0x30 C:/Freescale/Freescale_MQX_4_1/lib/twrk60n512.cw10gcc/debug/bsp/bsp.a(i2c_int.o)
                0x000154ac                _io_i2c_int_read
 .text._io_i2c_int_write
                0x000154dc       0x30 C:/Freescale/Freescale_MQX_4_1/lib/twrk60n512.cw10gcc/debug/bsp/bsp.a(i2c_int.o)
                0x000154dc                _io_i2c_int_write
 .text._io_i2c_int_ioctl
                0x0001550c       0x78 C:/Freescale/Freescale_MQX_4_1/lib/twrk60n512.cw10gcc/debug/bsp/bsp.a(i2c_int.o)
                0x0001550c                _io_i2c_int_ioctl
 .text._io_i2c_polled_install
                0x00015584       0xa0 C:/Freescale/Freescale_MQX_4_1/lib/twrk60n512.cw10gcc/debug/bsp/bsp.a(i2c_pol.o)
                0x00015584                _io_i2c_polled_install
 .text._io_i2c_polled_uninstall
                0x00015624       0x54 C:/Freescale/Freescale_MQX_4_1/lib/twrk60n512.cw10gcc/debug/bsp/bsp.a(i2c_pol.o)
                0x00015624                _io_i2c_polled_uninstall
 .text._io_i2c_polled_open
                0x00015678       0x80 C:/Freescale/Freescale_MQX_4_1/lib/twrk60n512.cw10gcc/debug/bsp/bsp.a(i2c_pol.o)
                0x00015678                _io_i2c_polled_open
 .text._io_i2c_polled_close
                0x000156f8       0x5c C:/Freescale/Freescale_MQX_4_1/lib/twrk60n512.cw10gcc/debug/bsp/bsp.a(i2c_pol.o)
                0x000156f8                _io_i2c_polled_close
 .text._io_i2c_polled_read
                0x00015754       0x30 C:/Freescale/Freescale_MQX_4_1/lib/twrk60n512.cw10gcc/debug/bsp/bsp.a(i2c_pol.o)
                0x00015754                _io_i2c_polled_read
 .text._io_i2c_polled_write
                0x00015784       0x30 C:/Freescale/Freescale_MQX_4_1/lib/twrk60n512.cw10gcc/debug/bsp/bsp.a(i2c_pol.o)
                0x00015784                _io_i2c_polled_write
 .text._io_i2c_polled_ioctl
                0x000157b4       0x78 C:/Freescale/Freescale_MQX_4_1/lib/twrk60n512.cw10gcc/debug/bsp/bsp.a(i2c_pol.o)
                0x000157b4                _io_i2c_polled_ioctl
 .text._lwadc_restart
                0x0001582c       0x34 C:/Freescale/Freescale_MQX_4_1/lib/twrk60n512.cw10gcc/debug/bsp/bsp.a(lwadc_kadc.o)
 .text._lwadc_init
                0x00015860      0x470 C:/Freescale/Freescale_MQX_4_1/lib/twrk60n512.cw10gcc/debug/bsp/bsp.a(lwadc_kadc.o)
                0x00015860                _lwadc_init
 .text._lwadc_init_input
                0x00015cd0      0x118 C:/Freescale/Freescale_MQX_4_1/lib/twrk60n512.cw10gcc/debug/bsp/bsp.a(lwadc_kadc.o)
                0x00015cd0                _lwadc_init_input
 .text._lwadc_read_raw
                0x00015de8       0x74 C:/Freescale/Freescale_MQX_4_1/lib/twrk60n512.cw10gcc/debug/bsp/bsp.a(lwadc_kadc.o)
                0x00015de8                _lwadc_read_raw
 .text._lwadc_read
                0x00015e5c       0x68 C:/Freescale/Freescale_MQX_4_1/lib/twrk60n512.cw10gcc/debug/bsp/bsp.a(lwadc_kadc.o)
                0x00015e5c                _lwadc_read
 .text._lwadc_set_attribute
                0x00015ec4       0xe4 C:/Freescale/Freescale_MQX_4_1/lib/twrk60n512.cw10gcc/debug/bsp/bsp.a(lwadc_kadc.o)
                0x00015ec4                _lwadc_set_attribute
 .text._bsp_get_adc_base_address
                0x00015fa8       0x30 C:/Freescale/Freescale_MQX_4_1/lib/twrk60n512.cw10gcc/debug/bsp/bsp.a(lwadc_k60.o)
                0x00015fa8                _bsp_get_adc_base_address
 .text.lwgpio_init
                0x00015fd8       0x94 C:/Freescale/Freescale_MQX_4_1/lib/twrk60n512.cw10gcc/debug/bsp/bsp.a(lwgpio_kgpio.o)
                0x00015fd8                lwgpio_init
 .text.lwgpio_set_attribute
                0x0001606c      0x1d8 C:/Freescale/Freescale_MQX_4_1/lib/twrk60n512.cw10gcc/debug/bsp/bsp.a(lwgpio_kgpio.o)
                0x0001606c                lwgpio_set_attribute
 .text.lwgpio_set_functionality
                0x00016244       0x3c C:/Freescale/Freescale_MQX_4_1/lib/twrk60n512.cw10gcc/debug/bsp/bsp.a(lwgpio_kgpio.o)
                0x00016244                lwgpio_set_functionality
 .text.lwgpio_set_direction
                0x00016280       0x64 C:/Freescale/Freescale_MQX_4_1/lib/twrk60n512.cw10gcc/debug/bsp/bsp.a(lwgpio_kgpio.o)
                0x00016280                lwgpio_set_direction
 .text.lwgpio_set_value
                0x000162e4       0x38 C:/Freescale/Freescale_MQX_4_1/lib/twrk60n512.cw10gcc/debug/bsp/bsp.a(lwgpio_kgpio.o)
                0x000162e4                lwgpio_set_value
 .text.lwgpio_toggle_value
                0x0001631c       0x1c C:/Freescale/Freescale_MQX_4_1/lib/twrk60n512.cw10gcc/debug/bsp/bsp.a(lwgpio_kgpio.o)
                0x0001631c                lwgpio_toggle_value
 .text.lwgpio_int_init
                0x00016338       0x5c C:/Freescale/Freescale_MQX_4_1/lib/twrk60n512.cw10gcc/debug/bsp/bsp.a(lwgpio_kgpio.o)
                0x00016338                lwgpio_int_init
 .text.lwgpio_int_enable
                0x00016394       0x54 C:/Freescale/Freescale_MQX_4_1/lib/twrk60n512.cw10gcc/debug/bsp/bsp.a(lwgpio_kgpio.o)
                0x00016394                lwgpio_int_enable
 .text.lwgpio_int_clear_flag
                0x000163e8       0x24 C:/Freescale/Freescale_MQX_4_1/lib/twrk60n512.cw10gcc/debug/bsp/bsp.a(lwgpio_kgpio.o)
                0x000163e8                lwgpio_int_clear_flag
 .text.lwgpio_int_get_vector
                0x0001640c       0x24 C:/Freescale/Freescale_MQX_4_1/lib/twrk60n512.cw10gcc/debug/bsp/bsp.a(lwgpio_kgpio.o)
                0x0001640c                lwgpio_int_get_vector
 .text._rtc_init
                0x00016430       0xb4 C:/Freescale/Freescale_MQX_4_1/lib/twrk60n512.cw10gcc/debug/bsp/bsp.a(krtc.o)
                0x00016430                _rtc_init
 .text._kuart_change_baudrate
                0x000164e4       0xd4 C:/Freescale/Freescale_MQX_4_1/lib/twrk60n512.cw10gcc/debug/bsp/bsp.a(serl_pol_kuart.o)
                0x000164e4                _kuart_change_baudrate
 .text._kuart_polled_peripheral_enable
                0x000165b8       0x24 C:/Freescale/Freescale_MQX_4_1/lib/twrk60n512.cw10gcc/debug/bsp/bsp.a(serl_pol_kuart.o)
 .text._kuart_polled_peripheral_disable
                0x000165dc       0x24 C:/Freescale/Freescale_MQX_4_1/lib/twrk60n512.cw10gcc/debug/bsp/bsp.a(serl_pol_kuart.o)
 .text._kuart_polled_install
                0x00016600       0x5c C:/Freescale/Freescale_MQX_4_1/lib/twrk60n512.cw10gcc/debug/bsp/bsp.a(serl_pol_kuart.o)
                0x00016600                _kuart_polled_install
 .text._kuart_polled_init
                0x0001665c      0x198 C:/Freescale/Freescale_MQX_4_1/lib/twrk60n512.cw10gcc/debug/bsp/bsp.a(serl_pol_kuart.o)
                0x0001665c                _kuart_polled_init
 .text._kuart_polled_deinit
                0x000167f4       0x58 C:/Freescale/Freescale_MQX_4_1/lib/twrk60n512.cw10gcc/debug/bsp/bsp.a(serl_pol_kuart.o)
                0x000167f4                _kuart_polled_deinit
 .text._kuart_polled_getc
                0x0001684c       0x3c C:/Freescale/Freescale_MQX_4_1/lib/twrk60n512.cw10gcc/debug/bsp/bsp.a(serl_pol_kuart.o)
                0x0001684c                _kuart_polled_getc
 .text._kuart_polled_putc
                0x00016888       0x40 C:/Freescale/Freescale_MQX_4_1/lib/twrk60n512.cw10gcc/debug/bsp/bsp.a(serl_pol_kuart.o)
                0x00016888                _kuart_polled_putc
 .text._kuart_polled_status
                0x000168c8       0xd4 C:/Freescale/Freescale_MQX_4_1/lib/twrk60n512.cw10gcc/debug/bsp/bsp.a(serl_pol_kuart.o)
                0x000168c8                _kuart_polled_status
 .text._kuart_polled_ioctl
                0x0001699c      0x770 C:/Freescale/Freescale_MQX_4_1/lib/twrk60n512.cw10gcc/debug/bsp/bsp.a(serl_pol_kuart.o)
                0x0001699c                _kuart_polled_ioctl
 .text._io_serial_polled_install
                0x0001710c       0xa4 C:/Freescale/Freescale_MQX_4_1/lib/twrk60n512.cw10gcc/debug/bsp/bsp.a(serl_pol.o)
                0x0001710c                _io_serial_polled_install
 .text._io_serial_polled_open
                0x000171b0      0x144 C:/Freescale/Freescale_MQX_4_1/lib/twrk60n512.cw10gcc/debug/bsp/bsp.a(serl_pol.o)
                0x000171b0                _io_serial_polled_open
 .text._io_serial_polled_close
                0x000172f4       0x6c C:/Freescale/Freescale_MQX_4_1/lib/twrk60n512.cw10gcc/debug/bsp/bsp.a(serl_pol.o)
                0x000172f4                _io_serial_polled_close
 .text._io_serial_polled_read
                0x00017360      0x2b4 C:/Freescale/Freescale_MQX_4_1/lib/twrk60n512.cw10gcc/debug/bsp/bsp.a(serl_pol.o)
                0x00017360                _io_serial_polled_read
 .text._io_serial_polled_write
                0x00017614      0x1bc C:/Freescale/Freescale_MQX_4_1/lib/twrk60n512.cw10gcc/debug/bsp/bsp.a(serl_pol.o)
                0x00017614                _io_serial_polled_write
 .text._io_serial_polled_ioctl
                0x000177d0      0x108 C:/Freescale/Freescale_MQX_4_1/lib/twrk60n512.cw10gcc/debug/bsp/bsp.a(serl_pol.o)
                0x000177d0                _io_serial_polled_ioctl
 .text._bsp_get_serial_base_address
                0x000178d8       0x8c C:/Freescale/Freescale_MQX_4_1/lib/twrk60n512.cw10gcc/debug/bsp/bsp.a(serl_mk60.o)
                0x000178d8                _bsp_get_serial_base_address
 .text._io_serial_default_init
                0x00017964       0x58 C:/Freescale/Freescale_MQX_4_1/lib/twrk60n512.cw10gcc/debug/bsp/bsp.a(io_sinit.o)
                0x00017964                _io_serial_default_init
 .text.edma_channel_sgaidx
                0x000179bc       0x70 C:/Freescale/Freescale_MQX_4_1/lib/twrk60n512.cw10gcc/debug/bsp/bsp.a(edma.o)
 .text.edma_done_isr
                0x00017a2c      0x1d4 C:/Freescale/Freescale_MQX_4_1/lib/twrk60n512.cw10gcc/debug/bsp/bsp.a(edma.o)
 .text.edma_err_isr
                0x00017c00       0xb4 C:/Freescale/Freescale_MQX_4_1/lib/twrk60n512.cw10gcc/debug/bsp/bsp.a(edma.o)
 .text.edma_reset_module
                0x00017cb4       0xec C:/Freescale/Freescale_MQX_4_1/lib/twrk60n512.cw10gcc/debug/bsp/bsp.a(edma.o)
 .text.edma_install_isrs
                0x00017da0      0x10c C:/Freescale/Freescale_MQX_4_1/lib/twrk60n512.cw10gcc/debug/bsp/bsp.a(edma.o)
 .text.edma_uninstall_isrs
                0x00017eac       0xfc C:/Freescale/Freescale_MQX_4_1/lib/twrk60n512.cw10gcc/debug/bsp/bsp.a(edma.o)
 .text.edma_init
                0x00017fa8       0x34 C:/Freescale/Freescale_MQX_4_1/lib/twrk60n512.cw10gcc/debug/bsp/bsp.a(edma.o)
 .text.edma_deinit
                0x00017fdc       0x44 C:/Freescale/Freescale_MQX_4_1/lib/twrk60n512.cw10gcc/debug/bsp/bsp.a(edma.o)
 .text.edma_channel_claim
                0x00018020      0x118 C:/Freescale/Freescale_MQX_4_1/lib/twrk60n512.cw10gcc/debug/bsp/bsp.a(edma.o)
 .text.edma_channel_release
                0x00018138       0x64 C:/Freescale/Freescale_MQX_4_1/lib/twrk60n512.cw10gcc/debug/bsp/bsp.a(edma.o)
 .text.edma_channel_reset
                0x0001819c       0xdc C:/Freescale/Freescale_MQX_4_1/lib/twrk60n512.cw10gcc/debug/bsp/bsp.a(edma.o)
 .text.edma_channel_setup
                0x00018278       0xa0 C:/Freescale/Freescale_MQX_4_1/lib/twrk60n512.cw10gcc/debug/bsp/bsp.a(edma.o)
 .text.edma_channel_status
                0x00018318      0x194 C:/Freescale/Freescale_MQX_4_1/lib/twrk60n512.cw10gcc/debug/bsp/bsp.a(edma.o)
 .text.edma_tcd_prepare
                0x000184ac      0x280 C:/Freescale/Freescale_MQX_4_1/lib/twrk60n512.cw10gcc/debug/bsp/bsp.a(edma.o)
 .text.edma_hwtcd_push
                0x0001872c       0x74 C:/Freescale/Freescale_MQX_4_1/lib/twrk60n512.cw10gcc/debug/bsp/bsp.a(edma.o)
 .text.edma_transfer_submit
                0x000187a0      0x228 C:/Freescale/Freescale_MQX_4_1/lib/twrk60n512.cw10gcc/debug/bsp/bsp.a(edma.o)
 .text.edma_request_source
                0x000189c8       0x64 C:/Freescale/Freescale_MQX_4_1/lib/twrk60n512.cw10gcc/debug/bsp/bsp.a(edma.o)
 .text.edma_request_enable
                0x00018a2c       0x80 C:/Freescale/Freescale_MQX_4_1/lib/twrk60n512.cw10gcc/debug/bsp/bsp.a(edma.o)
 .text.edma_request_disable
                0x00018aac       0x44 C:/Freescale/Freescale_MQX_4_1/lib/twrk60n512.cw10gcc/debug/bsp/bsp.a(edma.o)
 .text._bsp_get_esdhc_base_address
                0x00018af0       0x34 C:/Freescale/Freescale_MQX_4_1/lib/twrk60n512.cw10gcc/debug/bsp/bsp.a(esdhc_mk60.o)
                0x00018af0                _bsp_get_esdhc_base_address
 .text._bsp_get_esdhc_vector
                0x00018b24       0x30 C:/Freescale/Freescale_MQX_4_1/lib/twrk60n512.cw10gcc/debug/bsp/bsp.a(esdhc_mk60.o)
                0x00018b24                _bsp_get_esdhc_vector
 .text._bsp_get_edma_done_vectors
                0x00018b54       0x3c C:/Freescale/Freescale_MQX_4_1/lib/twrk60n512.cw10gcc/debug/bsp/bsp.a(edma_kinetis.o)
                0x00018b54                _bsp_get_edma_done_vectors
 .text._bsp_get_edma_error_vectors
                0x00018b90       0x3c C:/Freescale/Freescale_MQX_4_1/lib/twrk60n512.cw10gcc/debug/bsp/bsp.a(edma_kinetis.o)
                0x00018b90                _bsp_get_edma_error_vectors
 .text._bsp_edma_enable
                0x00018bcc       0x60 C:/Freescale/Freescale_MQX_4_1/lib/twrk60n512.cw10gcc/debug/bsp/bsp.a(edma_kinetis.o)
                0x00018bcc                _bsp_edma_enable
 .text          0x00018c2c       0x38 c:/freescale/cw mcu v10.6/cross_tools/arm-none-eabi-gcc-4_7_3/bin/../lib/gcc/arm-none-eabi/4.7.3/armv7e-m\libgcc.a(_aeabi_ldivmod.o)
                0x00018c2c                __aeabi_ldivmod
 .text          0x00018c64       0x2c c:/freescale/cw mcu v10.6/cross_tools/arm-none-eabi-gcc-4_7_3/bin/../lib/gcc/arm-none-eabi/4.7.3/armv7e-m\libgcc.a(_aeabi_uldivmod.o)
                0x00018c64                __aeabi_uldivmod
 .text          0x00018c90       0x58 c:/freescale/cw mcu v10.6/cross_tools/arm-none-eabi-gcc-4_7_3/bin/../lib/gcc/arm-none-eabi/4.7.3/armv7e-m\libgcc.a(bpabi.o)
                0x00018c90                __gnu_ldivmod_helper
                0x00018cbc                __gnu_uldivmod_helper
 .text          0x00018ce8        0x4 c:/freescale/cw mcu v10.6/cross_tools/arm-none-eabi-gcc-4_7_3/bin/../lib/gcc/arm-none-eabi/4.7.3/armv7e-m\libgcc.a(_dvmd_tls.o)
                0x00018ce8                __aeabi_idiv0
                0x00018ce8                __aeabi_ldiv0
 .text          0x00018cec      0x2bc c:/freescale/cw mcu v10.6/cross_tools/arm-none-eabi-gcc-4_7_3/bin/../lib/gcc/arm-none-eabi/4.7.3/armv7e-m\libgcc.a(_divdi3.o)
                0x00018cec                __divdi3
 .text          0x00018fa8      0x288 c:/freescale/cw mcu v10.6/cross_tools/arm-none-eabi-gcc-4_7_3/bin/../lib/gcc/arm-none-eabi/4.7.3/armv7e-m\libgcc.a(_udivdi3.o)
                0x00018fa8                __udivdi3
 .text.exit     0x00019230       0x38 C:/Freescale/CW MCU v10.6/MCU/ARM_GCC_Support/ewl/lib/armv7e-m\libc.a(exit.o)
                0x00019230                exit
 .text.memset   0x00019268        0xc C:/Freescale/CW MCU v10.6/MCU/ARM_GCC_Support/ewl/lib/armv7e-m\libc.a(memset.o)
                0x00019268                memset
 .text.strcmp   0x00019274       0x1a C:/Freescale/CW MCU v10.6/MCU/ARM_GCC_Support/ewl/lib/armv7e-m\libc.a(strcmp.o)
                0x00019274                strcmp
 .text.strlen   0x0001928e       0x10 C:/Freescale/CW MCU v10.6/MCU/ARM_GCC_Support/ewl/lib/armv7e-m\libc.a(strlen.o)
                0x0001928e                strlen
 .text.strncmp  0x0001929e       0x22 C:/Freescale/CW MCU v10.6/MCU/ARM_GCC_Support/ewl/lib/armv7e-m\libc.a(strncmp.o)
                0x0001929e                strncmp
 .text.__fill_mem
                0x000192c0       0x76 C:/Freescale/CW MCU v10.6/MCU/ARM_GCC_Support/ewl/lib/armv7e-m\libc.a(__filll_mem.o)
                0x000192c0                __fill_mem
 *fill*         0x00019336        0x2 00
 .text.__init_cpp
                0x00019338       0x4c C:/Freescale/CW MCU v10.6/MCU/ARM_GCC_Support/ewl/lib/armv7e-m\librt.a(gcc_ctor_dtor.o)
                0x00019338                __init_cpp
 .text.__fini_cpp
                0x00019384       0x34 C:/Freescale/CW MCU v10.6/MCU/ARM_GCC_Support/ewl/lib/armv7e-m\librt.a(gcc_ctor_dtor.o)
                0x00019384                __fini_cpp
 .text.__destroy_global_chain
                0x000193b8       0x18 C:/Freescale/CW MCU v10.6/MCU/ARM_GCC_Support/ewl/lib/armv7e-m\librt.a(__arm_eabi_init.o)
                0x000193b8                __destroy_global_chain
 .text.__init_user
                0x000193d0        0x4 C:/Freescale/CW MCU v10.6/MCU/ARM_GCC_Support/ewl/lib/armv7e-m\librt.a(__arm_eabi_init.o)
                0x000193d0                __init_user
 .text.__thumb_startup
                0x000193d4       0x3c C:/Freescale/CW MCU v10.6/MCU/ARM_GCC_Support/ewl/lib/armv7e-m/__arm_start.o
                0x000193d4                __thumb_startup
 .text._ExitProcess
                0x00019410        0x2 C:/Freescale/CW MCU v10.6/MCU/ARM_GCC_Support/ewl/lib/armv7e-m/__arm_end.o
                0x00019410                _ExitProcess
 *fill*         0x00019412        0x2 00
 .text._psp_int_init
                0x00019414       0x2c C:/Freescale/Freescale_MQX_4_1/lib/twrk60n512.cw10gcc/debug/psp/psp.a(psp_iinit.o)
                0x00019414                _psp_int_init
 .text._kinetis_mpu_disable
                0x00019440       0x28 C:/Freescale/Freescale_MQX_4_1/lib/twrk60n512.cw10gcc/debug/psp/psp.a(kinetis_mpu.o)
                0x00019440                _kinetis_mpu_disable
 .text._int_set_vector_table
                0x00019468       0x38 C:/Freescale/Freescale_MQX_4_1/lib/twrk60n512.cw10gcc/debug/psp/psp.a(int_vtab.o)
                0x00019468                _int_set_vector_table
 .text._psp_int_install
                0x000194a0       0x24 C:/Freescale/Freescale_MQX_4_1/lib/twrk60n512.cw10gcc/debug/psp/psp.a(int_inst.o)
                0x000194a0                _psp_int_install
 .text._io_dev_install_ext
                0x000194c4      0x158 C:/Freescale/Freescale_MQX_4_1/lib/twrk60n512.cw10gcc/debug/psp/psp.a(io_instx.o)
                0x000194c4                _io_dev_install_ext
 .text._io_dev_install
                0x0001961c       0x38 C:/Freescale/Freescale_MQX_4_1/lib/twrk60n512.cw10gcc/debug/psp/psp.a(io_inst.o)
                0x0001961c                _io_dev_install
 .text._io_init
                0x00019654       0x40 C:/Freescale/Freescale_MQX_4_1/lib/twrk60n512.cw10gcc/debug/psp/psp.a(io_init.o)
                0x00019654                _io_init
 .text.__copy_rom_section
                0x00019694       0x44 C:/Freescale/CW MCU v10.6/MCU/ARM_GCC_Support/ewl/lib/armv7e-m\librt.a(ROMCopy.o)
                0x00019694                __copy_rom_section
 .text.__copy_rom_sections_to_ram
                0x000196d8       0x30 C:/Freescale/CW MCU v10.6/MCU/ARM_GCC_Support/ewl/lib/armv7e-m\librt.a(ROMCopy.o)
                0x000196d8                __copy_rom_sections_to_ram
 *(.eh_frame)
 .eh_frame      0x00019708        0x0 c:/freescale/cw mcu v10.6/cross_tools/arm-none-eabi-gcc-4_7_3/bin/../lib/gcc/arm-none-eabi/4.7.3/armv7e-m/crtbegin.o
 *(.init)
 .init          0x00019708        0x4 c:/freescale/cw mcu v10.6/cross_tools/arm-none-eabi-gcc-4_7_3/bin/../lib/gcc/arm-none-eabi/4.7.3/armv7e-m/crti.o
                0x00019708                _init
 .init          0x0001970c        0x8 c:/freescale/cw mcu v10.6/cross_tools/arm-none-eabi-gcc-4_7_3/bin/../lib/gcc/arm-none-eabi/4.7.3/armv7e-m/crtn.o
 *(.fini)
 .fini          0x00019714        0x4 c:/freescale/cw mcu v10.6/cross_tools/arm-none-eabi-gcc-4_7_3/bin/../lib/gcc/arm-none-eabi/4.7.3/armv7e-m/crti.o
                0x00019714                _fini
 .fini          0x00019718        0x8 c:/freescale/cw mcu v10.6/cross_tools/arm-none-eabi-gcc-4_7_3/bin/../lib/gcc/arm-none-eabi/4.7.3/armv7e-m/crtn.o
                0x00019720                . = ALIGN (0x4)
 *(.rodata*)
 .rodata        0x00019720       0x54 ./Sources/main.o
 .rodata        0x00019774      0x174 ./Sources/UiTask.o
 .rodata        0x000198e8       0x38 ./Sources/TheftTask.o
 .rodata        0x00019920       0x18 ./Sources/TempTask.o
 .rodata        0x00019938       0x18 ./Sources/InputTask.o
 .rodata        0x00019950       0x18 ./Sources/HealthTask.o
 .rodata        0x00019968       0x78 ./Sources/DisplayTask.o
 .rodata        0x000199e0       0x28 ./Sources/AccelTask.o
 .rodata        0x00019a08        0x8 C:/Freescale/Freescale_MQX_4_1/lib/twrk60n512.cw10gcc/debug/psp/psp.a(io_dopr.o)
 .rodata.upper_hex_string
                0x00019a10       0x14 C:/Freescale/Freescale_MQX_4_1/lib/twrk60n512.cw10gcc/debug/psp/psp.a(io_dopr.o)
 .rodata.lower_hex_string
                0x00019a24       0x14 C:/Freescale/Freescale_MQX_4_1/lib/twrk60n512.cw10gcc/debug/psp/psp.a(io_dopr.o)
 .rodata._mqx_zero_tick_struct
                0x00019a38        0xc C:/Freescale/Freescale_MQX_4_1/lib/twrk60n512.cw10gcc/debug/psp/psp.a(mqx.o)
                0x00019a38                _mqx_zero_tick_struct
 .rodata._mqx_version_number
                0x00019a44        0x4 C:/Freescale/Freescale_MQX_4_1/lib/twrk60n512.cw10gcc/debug/psp/psp.a(mqx.o)
                0x00019a44                _mqx_version_number
 .rodata        0x00019a48       0x98 C:/Freescale/Freescale_MQX_4_1/lib/twrk60n512.cw10gcc/debug/psp/psp.a(mqx.o)
 .rodata._mqx_vendor
                0x00019ae0        0x4 C:/Freescale/Freescale_MQX_4_1/lib/twrk60n512.cw10gcc/debug/psp/psp.a(mqx.o)
                0x00019ae0                _mqx_vendor
 .rodata        0x00019ae4        0x8 C:/Freescale/Freescale_MQX_4_1/lib/twrk60n512.cw10gcc/debug/bsp/bsp.a(mqx_init.o)
 .rodata.MQX_init_struct
                0x00019aec       0x30 C:/Freescale/Freescale_MQX_4_1/lib/twrk60n512.cw10gcc/debug/bsp/bsp.a(mqx_init.o)
                0x00019aec                MQX_init_struct
 .rodata.lwadc1_init
                0x00019b1c       0x18 C:/Freescale/Freescale_MQX_4_1/lib/twrk60n512.cw10gcc/debug/bsp/bsp.a(init_lwadc.o)
                0x00019b1c                lwadc1_init
 .rodata.adc0_conv_table.8936
                0x00019b34       0x1c C:/Freescale/Freescale_MQX_4_1/lib/twrk60n512.cw10gcc/debug/bsp/bsp.a(init_gpio.o)
 .rodata.adc1_conv_tableB.8937
                0x00019b50       0x1c C:/Freescale/Freescale_MQX_4_1/lib/twrk60n512.cw10gcc/debug/bsp/bsp.a(init_gpio.o)
 .rodata.adc1_conv_tableA.8938
                0x00019b6c        0x4 C:/Freescale/Freescale_MQX_4_1/lib/twrk60n512.cw10gcc/debug/bsp/bsp.a(init_gpio.o)
 .rodata        0x00019b70       0x40 C:/Freescale/Freescale_MQX_4_1/lib/twrk60n512.cw10gcc/debug/bsp/bsp.a(init_bsp.o)
 .rodata._bsp_pdb_init
                0x00019bb0       0x10 C:/Freescale/Freescale_MQX_4_1/lib/twrk60n512.cw10gcc/debug/bsp/bsp.a(init_adc.o)
                0x00019bb0                _bsp_pdb_init
 .rodata._bsp_adc1_init
                0x00019bc0       0x18 C:/Freescale/Freescale_MQX_4_1/lib/twrk60n512.cw10gcc/debug/bsp/bsp.a(init_adc.o)
                0x00019bc0                _bsp_adc1_init
 .rodata.MCGTransitionMatrix
                0x00019bd8       0x1c C:/Freescale/Freescale_MQX_4_1/lib/twrk60n512.cw10gcc/debug/bsp/bsp.a(bsp_cm.o)
 .rodata.PE_CpuClockConfigurations
                0x00019bf4       0x78 C:/Freescale/Freescale_MQX_4_1/lib/twrk60n512.cw10gcc/debug/bsp/bsp.a(bsp_cm.o)
                0x00019bf4                PE_CpuClockConfigurations
 .rodata.adc_max_frq_table.9156
                0x00019c6c       0x20 C:/Freescale/Freescale_MQX_4_1/lib/twrk60n512.cw10gcc/debug/bsp/bsp.a(adc_kadc.o)
 .rodata.pctl_ptr_arr
                0x00019c8c       0x14 C:/Freescale/Freescale_MQX_4_1/lib/twrk60n512.cw10gcc/debug/bsp/bsp.a(io_gpio_kgpio.o)
 .rodata._port_int_prio
                0x00019ca0        0x8 C:/Freescale/Freescale_MQX_4_1/lib/twrk60n512.cw10gcc/debug/bsp/bsp.a(io_gpio_kgpio.o)
 .rodata        0x00019ca8       0x44 C:/Freescale/Freescale_MQX_4_1/lib/twrk60n512.cw10gcc/debug/bsp/bsp.a(io_gpio_kgpio.o)
 .rodata.gpio_irq_mask_table.8968
                0x00019cec        0x8 C:/Freescale/Freescale_MQX_4_1/lib/twrk60n512.cw10gcc/debug/bsp/bsp.a(io_gpio_kgpio.o)
 .rodata.systick_devif
                0x00019cf4       0x18 C:/Freescale/Freescale_MQX_4_1/lib/twrk60n512.cw10gcc/debug/bsp/bsp.a(hwtimer_systick.o)
                0x00019cf4                systick_devif
 .rodata.BAUDRATE_MULT
                0x00019d0c        0xc C:/Freescale/Freescale_MQX_4_1/lib/twrk60n512.cw10gcc/debug/bsp/bsp.a(i2c_pol_ki2c.o)
 .rodata.BAUDRATE_ICR
                0x00019d18      0x100 C:/Freescale/Freescale_MQX_4_1/lib/twrk60n512.cw10gcc/debug/bsp/bsp.a(i2c_pol_ki2c.o)
 .rodata.adc_max_frq_table.8927
                0x00019e18       0x20 C:/Freescale/Freescale_MQX_4_1/lib/twrk60n512.cw10gcc/debug/bsp/bsp.a(lwadc_kadc.o)
 .rodata.gpio_ptr_arr
                0x00019e38       0x14 C:/Freescale/Freescale_MQX_4_1/lib/twrk60n512.cw10gcc/debug/bsp/bsp.a(lwgpio_kgpio.o)
 .rodata._bsp_sci3_init
                0x00019e4c       0x24 C:/Freescale/Freescale_MQX_4_1/lib/twrk60n512.cw10gcc/debug/bsp/bsp.a(init_sci.o)
                0x00019e4c                _bsp_sci3_init
 .rodata._bsp_sci5_init
                0x00019e70       0x24 C:/Freescale/Freescale_MQX_4_1/lib/twrk60n512.cw10gcc/debug/bsp/bsp.a(init_sci.o)
                0x00019e70                _bsp_sci5_init
 .rodata._bsp_i2c0_init
                0x00019e94       0x14 C:/Freescale/Freescale_MQX_4_1/lib/twrk60n512.cw10gcc/debug/bsp/bsp.a(init_i2c.o)
                0x00019e94                _bsp_i2c0_init
 .rodata._bsp_esdhc0_init
                0x00019ea8        0xc C:/Freescale/Freescale_MQX_4_1/lib/twrk60n512.cw10gcc/debug/bsp/bsp.a(init_esdhc.o)
                0x00019ea8                _bsp_esdhc0_init
 .rodata._bsp_dma_devif_list
                0x00019eb4       0x18 C:/Freescale/Freescale_MQX_4_1/lib/twrk60n512.cw10gcc/debug/bsp/bsp.a(init_dma.o)
                0x00019eb4                _bsp_dma_devif_list
 .rodata.edma_done_vectors
                0x00019ecc       0x40 C:/Freescale/Freescale_MQX_4_1/lib/twrk60n512.cw10gcc/debug/bsp/bsp.a(edma_kinetis.o)
 .rodata.edma_error_vectors
                0x00019f0c        0x4 C:/Freescale/Freescale_MQX_4_1/lib/twrk60n512.cw10gcc/debug/bsp/bsp.a(edma_kinetis.o)
                0x00019f10                . = ALIGN (0x4)
 *(.rdata*)
                0x00019f10                . = ALIGN (0x4)
 *(.exception)
                0x00019f10                . = ALIGN (0x4)
                0x00019f10                __exception_table_start__ = .
                0x00019f10                __exception_table_end__ = .
                0x00019f10                __sinit__ = .

.glue_7         0x00019f10        0x0
 .glue_7        0x00000000        0x0 linker stubs

.glue_7t        0x00019f10        0x0
 .glue_7t       0x00000000        0x0 linker stubs

.vfp11_veneer   0x00019f10        0x0
 .vfp11_veneer  0x00000000        0x0 linker stubs

.v4_bx          0x00019f10        0x0
 .v4_bx         0x00000000        0x0 linker stubs

.iplt           0x00019f10        0x0
 .iplt          0x00000000        0x0 c:/freescale/cw mcu v10.6/cross_tools/arm-none-eabi-gcc-4_7_3/bin/../lib/gcc/arm-none-eabi/4.7.3/armv7e-m/crtbegin.o

.ARM.extab
 *(.ARM.extab* .gnu.linkonce.armextab.*)

.ARM            0x00019f10        0x8
                0x00019f10                __exidx_start = .
 *(.ARM.exidx*)
 .ARM.exidx     0x00019f10        0x8 c:/freescale/cw mcu v10.6/cross_tools/arm-none-eabi-gcc-4_7_3/bin/../lib/gcc/arm-none-eabi/4.7.3/armv7e-m\libgcc.a(_divdi3.o)
 .ARM.exidx     0x00019f18        0x0 c:/freescale/cw mcu v10.6/cross_tools/arm-none-eabi-gcc-4_7_3/bin/../lib/gcc/arm-none-eabi/4.7.3/armv7e-m\libgcc.a(_udivdi3.o)
                                  0x8 (size before relaxing)
                0x00019f18                __exidx_end = .

.rel.dyn        0x00019f18        0x0
 .rel.iplt      0x00000000        0x0 c:/freescale/cw mcu v10.6/cross_tools/arm-none-eabi-gcc-4_7_3/bin/../lib/gcc/arm-none-eabi/4.7.3/armv7e-m/crtbegin.o

.ctors          0x00019f18        0x0
                0x00019f18                __CTOR_LIST__ = .
 *crtbegin.o(.ctors)
 *(EXCLUDE_FILE(*crtend.o) .ctors)
 *(SORT(.ctors.*))
 *(.ctors)
                0x00019f18                __CTOR_END__ = .

.dtors          0x00019f18        0x0
                0x00019f18                __DTOR_LIST__ = .
 *crtbegin.o(.dtors)